{"after":-65.51745041617721,"before":-65.52087429014163,"new":{"base":67108864,"bits":[0,1,2,3,4,6,7,8,9,10,14,25,28,29]},"old":{"base":67108864,"bits":[0,1,2,3,4,6,7,8,10,13,14,25,28,29]},"round":8,"sweep":1}
{"after":-65.45736077529243,"before":-65.51745041617721,"new":{"base":0,"bits":[0,1,2,3,4,5,6,7,8,11,12,25,28,29]},"old":{"base":0,"bits":[0,1,2,3,4,5,6,7,8,10,12,25,28,29]},"round":10,"sweep":1}
{"after":-65.43887360421076,"before":-65.45736077529244,"new":{"base":16777217,"bits":[1,2,3,4,5,6,7,8,9,10,12,27,30,31]},"old":{"base":16777217,"bits":[1,2,3,4,5,6,7,8,9,10,14,27,30,31]},"round":11,"sweep":1}
{"after":-65.43302337429822,"before":-65.43887360421076,"new":{"base":67108864,"bits":[0,1,2,3,4,5,6,7,8,9,10,25,28,29]},"old":{"base":67108864,"bits":[0,1,2,3,4,5,6,7,8,10,12,25,28,29]},"round":12,"sweep":1}
{"after":-65.41720339947815,"before":-65.43302337429822,"new":{"base":285212673,"bits":[1,2,3,4,5,6,8,9,10,11,12,27,30,31]},"old":{"base":285212673,"bits":[1,2,3,4,5,6,7,8,9,10,14,27,30,31]},"round":13,"sweep":1}
{"after":-65.38134904322993,"before":-65.41720339947815,"new":{"base":1073741824,"bits":[0,1,2,3,4,5,6,7,8,10,12,25,28,29]},"old":{"base":1073741824,"bits":[0,1,2,3,4,5,6,7,8,11,12,16,25,29]},"round":14,"sweep":1}
{"after":-65.38134523339153,"before":-65.38134904322993,"new":{"base":285212672,"bits":[1,2,3,4,5,6,7,8,9,10,12,27,30,31]},"old":{"base":285212672,"bits":[1,2,3,4,5,6,7,8,9,10,14,27,30,31]},"round":15,"sweep":1}
{"after":-65.38127796163819,"before":-65.38134523339153,"new":{"base":67108864,"bits":[0,1,2,3,4,5,6,7,8,10,12,25,28,29]},"old":{"base":67108864,"bits":[0,1,2,3,4,5,6,7,8,11,12,16,25,29]},"round":16,"sweep":1}
{"after":-65.38123513845616,"before":-65.38127796163819,"new":{"base":16777216,"bits":[1,2,3,4,5,6,8,9,10,12,26,27,30,31]},"old":{"base":16777216,"bits":[1,2,3,4,5,6,7,8,9,10,14,27,30,31]},"round":17,"sweep":1}
{"after":-65.38111921791081,"before":-65.38123513845616,"new":{"base":0,"bits":[0,1,2,3,4,5,6,7,8,10,11,25,28,29]},"old":{"base":0,"bits":[0,1,2,3,4,5,6,7,8,10,11,12,25,29]},"round":18,"sweep":1}
{"after":-65.38111920415648,"before":-65.38111921791081,"new":{"base":16777216,"bits":[1,2,3,4,5,6,7,8,9,10,26,27,30,31]},"old":{"base":16777216,"bits":[1,2,3,4,5,6,7,8,9,12,26,27,30,31]},"round":19,"sweep":1}
{"after":-65.38111904179176,"before":-65.38111920415648,"new":{"base":67108864,"bits":[0,1,2,3,4,5,6,7,8,10,25,27,28,29]},"old":{"base":67108864,"bits":[0,1,2,3,4,5,6,7,8,9,10,25,28,29]},"round":20,"sweep":1}
{"accepted":12,"after":-65.38111904179176,"before":-65.52087429014163,"sweep":1}
{"after":-65.38110871478928,"before":-65.38111904179175,"new":{"base":285212673,"bits":[1,2,3,4,5,6,8,11,12,26,27,29,30,31]},"old":{"base":285212673,"bits":[1,2,4,5,6,8,11,12,18,26,27,29,30,31]},"round":7,"sweep":2}
{"accepted":1,"after":-65.38110871478929,"before":-65.38111904179175,"sweep":2}
round=1 log2_max=-2.000000000000 seconds=0.1545
round=2 log2_max=-4.000000000000 seconds=0.1280
round=3 log2_max=-4.000000000000 seconds=0.1689
round=4 log2_max=-6.000000000000 seconds=0.1625
round=5 log2_max=-8.000000000000 seconds=0.0583
round=6 log2_max=-11.299560281859 seconds=0.0430
round=7 log2_max=-13.299560281859 seconds=0.0187
round=8 log2_max=-18.375211682254 seconds=0.0171
round=9 log2_max=-21.975246891869 seconds=0.0465
round=10 log2_max=-26.165041544598 seconds=0.0164
round=11 log2_max=-28.165041544598 seconds=0.0426
round=12 log2_max=-35.018443079047 seconds=0.0165
round=13 log2_max=-39.648860396245 seconds=0.0168
round=14 log2_max=-44.013578859130 seconds=0.0170
round=15 log2_max=-45.300016450053 seconds=0.0131
round=16 log2_max=-48.224415938954 seconds=0.0152
round=17 log2_max=-49.750026588346 seconds=0.0166
round=18 log2_max=-51.007049755991 seconds=0.0280
round=19 log2_max=-51.007049755991 seconds=0.0173
round=20 log2_max=-53.006589761533 seconds=0.0170
round=21 log2_max=-55.006572276776 seconds=0.0170
round=22 log2_max=-58.306081188637 seconds=0.0166
round=23 log2_max=-60.306081143108 seconds=0.0163
round=24 log2_max=-65.381108714789 seconds=0.0170
