{"after":-128.665486581868,"before":-128.66548658312334,"new":{"base":64,"bits":[8,9,12,13,15,16,17,19,20,22,23,24,26,29]},"old":{"base":64,"bits":[8,9,12,13,15,16,17,19,20,22,23,24,26,30]},"round":3,"sweep":1}
{"after":-128.66547522992445,"before":-128.66548658186804,"new":{"base":0,"bits":[7,10,11,14,15,16,17,18,19,21,22,24,26,28]},"old":{"base":0,"bits":[7,10,11,14,15,17,18,19,21,22,23,24,26,28]},"round":4,"sweep":1}
{"after":-128.66547491192694,"before":-128.66547522992445,"new":{"base":64,"bits":[8,9,12,13,15,16,17,18,19,20,21,22,25,26]},"old":{"base":64,"bits":[8,9,12,13,15,16,17,19,20,21,22,24,25,26]},"round":5,"sweep":1}
{"after":-128.6654566400397,"before":-128.66547491192694,"new":{"base":256,"bits":[7,10,11,14,15,16,17,18,19,20,21,22,23,24]},"old":{"base":256,"bits":[7,10,11,14,15,17,18,19,21,22,23,24,27,28]},"round":6,"sweep":1}
{"after":-128.6654279441378,"before":-128.6654566400397,"new":{"base":1088,"bits":[8,9,12,13,15,16,17,18,19,20,22,24,25,26]},"old":{"base":1088,"bits":[8,9,12,13,15,16,17,19,20,22,23,24,25,26]},"round":7,"sweep":1}
{"after":-128.66533372295353,"before":-128.6654279441378,"new":{"base":17472,"bits":[8,9,11,12,13,15,16,17,18,19,20,22,25,26]},"old":{"base":17472,"bits":[8,9,11,12,13,15,16,18,19,20,22,25,26,32]},"round":9,"sweep":1}
{"after":-128.6611302630682,"before":-128.66533372295353,"new":{"base":256,"bits":[7,10,11,14,15,16,17,18,20,21,22,23,24,28]},"old":{"base":256,"bits":[7,10,11,14,15,16,17,18,20,21,22,24,27,28]},"round":10,"sweep":1}
{"after":-128.34563879466634,"before":-128.66113026306817,"new":{"base":0,"bits":[7,10,11,14,15,16,17,18,19,20,21,22,25,26]},"old":{"base":0,"bits":[7,10,11,14,15,16,17,18,19,20,21,22,24,25]},"round":12,"sweep":1}
{"after":-128.34458779737042,"before":-128.34563879466634,"new":{"base":16448,"bits":[8,9,12,13,15,16,17,18,19,20,21,22,23,24]},"old":{"base":16448,"bits":[9,12,13,15,16,17,18,19,20,21,22,23,24,26]},"round":13,"sweep":1}
{"after":-128.33745732503033,"before":-128.34458779737045,"new":{"base":256,"bits":[7,10,11,14,15,16,17,18,19,20,21,22,23,24]},"old":{"base":256,"bits":[7,10,11,14,15,16,17,18,19,20,21,22,24,25]},"round":14,"sweep":1}
{"after":-128.30336366741525,"before":-128.33745732503033,"new":{"base":17472,"bits":[8,9,12,13,15,16,17,18,19,20,22,23,24,26]},"old":{"base":17472,"bits":[9,12,13,15,16,17,18,19,20,21,22,23,24,26]},"round":15,"sweep":1}
{"after":-128.2781271040263,"before":-128.30336366741525,"new":{"base":4096,"bits":[7,10,11,14,15,16,17,18,19,20,21,22,24,26]},"old":{"base":4096,"bits":[7,11,14,15,16,17,18,19,20,21,22,24,25,26]},"round":16,"sweep":1}
{"after":-128.2630352495041,"before":-128.27812710402634,"new":{"base":1088,"bits":[8,9,12,13,15,16,17,18,19,20,22,23,24,26]},"old":{"base":1088,"bits":[9,12,13,15,16,17,18,19,20,21,22,23,24,28]},"round":17,"sweep":1}
{"after":-128.2629530691706,"before":-128.26303524950407,"new":{"base":256,"bits":[7,10,11,14,15,16,17,18,19,20,21,22,24,26]},"old":{"base":256,"bits":[7,11,14,15,16,17,18,19,20,21,22,24,25,26]},"round":18,"sweep":1}
{"after":-128.2628513245296,"before":-128.2629530691706,"new":{"base":64,"bits":[8,9,12,13,15,16,17,18,19,20,21,22,23,24]},"old":{"base":64,"bits":[9,12,13,15,16,17,18,19,20,21,22,23,24,26]},"round":19,"sweep":1}
{"after":-128.26245905961787,"before":-128.2628513245296,"new":{"base":0,"bits":[7,9,10,11,14,15,16,17,18,19,20,21,22,24]},"old":{"base":0,"bits":[7,11,14,15,16,17,18,19,20,21,22,23,24,25]},"round":20,"sweep":1}
{"after":-128.26242984713684,"before":-128.26245905961787,"new":{"base":64,"bits":[8,9,11,12,13,15,16,17,18,19,20,22,23,26]},"old":{"base":64,"bits":[8,9,12,13,15,16,17,18,19,20,21,22,23,26]},"round":21,"sweep":1}
{"after":-128.26226118875093,"before":-128.26242984713684,"new":{"base":256,"bits":[7,10,11,13,14,15,16,17,18,19,20,21,22,24]},"old":{"base":256,"bits":[7,10,11,14,15,16,17,18,19,20,21,22,23,24]},"round":22,"sweep":1}
{"after":-128.26223728534876,"before":-128.26226118875093,"new":{"base":1088,"bits":[8,9,11,12,13,15,16,17,18,19,20,22,24,26]},"old":{"base":1088,"bits":[8,9,12,13,15,16,17,18,19,20,22,23,24,26]},"round":23,"sweep":1}
{"after":-128.26213980329675,"before":-128.26223728534873,"new":{"base":17472,"bits":[8,9,11,12,13,15,16,17,18,19,20,22,25,26]},"old":{"base":17472,"bits":[8,9,11,12,13,15,16,18,19,20,22,25,26,32]},"round":25,"sweep":1}
{"after":-128.25793619156946,"before":-128.26213980329675,"new":{"base":256,"bits":[7,10,11,14,15,16,17,18,20,21,22,23,24,28]},"old":{"base":256,"bits":[7,10,11,14,15,16,17,18,20,21,22,24,27,28]},"round":26,"sweep":1}
{"after":-127.94250791739455,"before":-128.25793619156948,"new":{"base":0,"bits":[7,10,11,14,15,16,17,18,19,20,21,22,25,26]},"old":{"base":0,"bits":[7,10,11,14,15,16,17,18,19,20,21,22,24,25]},"round":28,"sweep":1}
{"after":-127.94144519894635,"before":-127.94250791739455,"new":{"base":16448,"bits":[8,9,12,13,15,16,17,18,19,20,21,22,23,24]},"old":{"base":16448,"bits":[9,12,13,15,16,17,18,19,20,21,22,23,24,26]},"round":29,"sweep":1}
{"after":-127.93431267057328,"before":-127.94144519894635,"new":{"base":256,"bits":[7,10,11,14,15,16,17,18,19,20,21,22,23,24]},"old":{"base":256,"bits":[7,10,11,14,15,16,17,18,19,20,21,22,24,25]},"round":30,"sweep":1}
{"after":-127.90019256336137,"before":-127.93431267057328,"new":{"base":17472,"bits":[8,9,12,13,15,16,17,18,19,20,22,23,24,26]},"old":{"base":17472,"bits":[9,12,13,15,16,17,18,19,20,21,22,23,24,26]},"round":31,"sweep":1}
{"after":-127.87496289796243,"before":-127.90019256336139,"new":{"base":4096,"bits":[7,10,11,14,15,16,17,18,19,20,21,22,24,26]},"old":{"base":4096,"bits":[7,11,14,15,16,17,18,19,20,21,22,24,25,26]},"round":32,"sweep":1}
{"after":-127.85987026062263,"before":-127.87496289796245,"new":{"base":1088,"bits":[8,9,12,13,15,16,17,18,19,20,22,23,24,26]},"old":{"base":1088,"bits":[9,12,13,15,16,17,18,19,20,21,22,23,24,28]},"round":33,"sweep":1}
{"after":-127.8597886284938,"before":-127.85987026062263,"new":{"base":256,"bits":[7,10,11,14,15,16,17,18,19,20,21,22,24,25]},"old":{"base":256,"bits":[7,11,14,15,16,17,18,19,20,21,22,24,25,26]},"round":34,"sweep":1}
{"after":-127.85969341257118,"before":-127.8597886284938,"new":{"base":64,"bits":[8,9,12,13,15,16,17,18,19,20,21,22,23,26]},"old":{"base":64,"bits":[9,12,13,15,16,17,18,19,20,21,22,23,24,26]},"round":35,"sweep":1}
{"after":-127.85946652357529,"before":-127.85969341257119,"new":{"base":0,"bits":[7,10,11,14,15,16,17,18,19,20,21,22,23,24]},"old":{"base":0,"bits":[7,11,14,15,16,17,18,19,20,21,22,23,24,25]},"round":36,"sweep":1}
{"after":-127.85946630430325,"before":-127.8594665235753,"new":{"base":64,"bits":[8,9,12,13,15,16,17,18,19,20,21,22,23,25]},"old":{"base":64,"bits":[8,9,12,13,15,16,17,18,19,20,21,22,23,26]},"round":37,"sweep":1}
{"after":-127.85946557213377,"before":-127.85946630430325,"new":{"base":1088,"bits":[8,9,12,13,15,16,17,18,19,20,22,24,25,26]},"old":{"base":1088,"bits":[8,9,12,13,15,16,17,18,19,20,22,23,24,26]},"round":39,"sweep":1}
{"accepted":32,"after":-127.85946557213377,"before":-128.66548658312334,"sweep":1}
{"after":-127.85946552642073,"before":-127.85946557213374,"new":{"base":64,"bits":[8,9,12,13,15,16,17,18,19,20,22,24,25,26]},"old":{"base":64,"bits":[8,9,12,13,15,16,17,18,19,20,21,22,25,26]},"round":5,"sweep":2}
{"after":-127.85946516446484,"before":-127.85946552642073,"new":{"base":256,"bits":[7,10,11,14,15,16,17,18,19,20,21,22,24,26]},"old":{"base":256,"bits":[7,10,11,14,15,16,17,18,19,20,21,22,24,25]},"round":34,"sweep":2}
{"after":-127.85946501599427,"before":-127.85946516446484,"new":{"base":64,"bits":[8,9,12,13,15,16,17,18,19,20,21,22,23,24]},"old":{"base":64,"bits":[8,9,12,13,15,16,17,18,19,20,21,22,23,26]},"round":35,"sweep":2}
{"after":-127.85943114768037,"before":-127.85946501599427,"new":{"base":0,"bits":[7,9,10,11,14,15,16,17,18,19,20,21,22,24]},"old":{"base":0,"bits":[7,10,11,14,15,16,17,18,19,20,21,22,23,24]},"round":36,"sweep":2}
{"after":-127.85941243622584,"before":-127.85943114768035,"new":{"base":64,"bits":[8,9,11,12,13,15,16,17,18,19,20,22,23,26]},"old":{"base":64,"bits":[8,9,12,13,15,16,17,18,19,20,21,22,23,25]},"round":37,"sweep":2}
{"after":-127.85930894028976,"before":-127.85941243622582,"new":{"base":256,"bits":[7,10,11,13,14,15,16,17,18,19,20,21,22,24]},"old":{"base":256,"bits":[7,10,11,14,15,16,17,18,19,20,21,22,23,24]},"round":38,"sweep":2}
{"after":-127.85930018672688,"before":-127.85930894028978,"new":{"base":1088,"bits":[8,9,11,12,13,15,16,17,18,19,20,22,24,26]},"old":{"base":1088,"bits":[8,9,12,13,15,16,17,18,19,20,22,24,25,26]},"round":39,"sweep":2}
{"accepted":7,"after":-127.85930018672688,"before":-127.85946557213374,"sweep":2}
round=1 log2_max=-2.000000000000 seconds=0.1950
round=2 log2_max=-6.000000000000 seconds=0.1862
round=3 log2_max=-8.000000000000 seconds=0.0861
round=4 log2_max=-9.299560281859 seconds=0.1386
round=5 log2_max=-9.299560281859 seconds=0.0207
round=6 log2_max=-11.299560281859 seconds=0.0176
round=7 log2_max=-13.299560281859 seconds=0.0130
round=8 log2_max=-16.599119820065 seconds=0.0147
round=9 log2_max=-18.599119820065 seconds=0.0171
round=10 log2_max=-23.674743849434 seconds=0.0107
round=11 log2_max=-27.274773325854 seconds=0.0173
round=12 log2_max=-31.464603309358 seconds=0.0166
round=13 log2_max=-33.464603309358 seconds=0.0259
round=14 log2_max=-40.376616643600 seconds=0.0104
round=15 log2_max=-44.949434705871 seconds=0.0168
round=16 log2_max=-49.603717495946 seconds=0.0147
round=17 log2_max=-50.883494285146 seconds=0.0171
round=18 log2_max=-53.748944475473 seconds=0.0159
round=19 log2_max=-55.260029689557 seconds=0.0123
round=20 log2_max=-56.498819239238 seconds=0.0173
round=21 log2_max=-56.498819239238 seconds=0.0134
round=22 log2_max=-58.498243502217 seconds=0.0157
round=23 log2_max=-60.498222143147 seconds=0.0123
round=24 log2_max=-63.797688624080 seconds=0.0143
round=25 log2_max=-65.797688245247 seconds=0.0136
round=26 log2_max=-70.872550527447 seconds=0.0156
round=27 log2_max=-74.472422639189 seconds=0.0174
round=28 log2_max=-78.662229177888 seconds=0.0164
round=29 log2_max=-80.662229177888 seconds=0.0176
round=30 log2_max=-87.574225825080 seconds=0.0116
round=31 log2_max=-92.145755230634 seconds=0.0169
round=32 log2_max=-96.801121049550 seconds=0.0176
round=33 log2_max=-98.080854664519 seconds=0.0110
round=34 log2_max=-100.946110048759 seconds=0.0166
round=35 log2_max=-102.457116514152 seconds=0.0124
round=36 log2_max=-103.695891050862 seconds=0.0173
round=37 log2_max=-103.695891050862 seconds=0.0174
round=38 log2_max=-105.695315057381 seconds=0.0169
round=39 log2_max=-107.695293682535 seconds=0.0128
round=40 log2_max=-110.994760111092 seconds=0.0127
round=41 log2_max=-112.994759732154 seconds=0.0168
round=42 log2_max=-118.069621627398 seconds=0.0116
round=43 log2_max=-121.669493658677 seconds=0.0172
round=44 log2_max=-125.859300186727 seconds=0.0153
round=45 log2_max=-127.859300186727 seconds=0.0673
