{"after":-95.98723131376309,"before":-96.0035086553977,"new":{"base":273,"bits":[2,3,9,10,11,15,16,17,18,19,21,22,25,26]},"old":{"base":273,"bits":[3,9,10,11,15,17,18,19,21,22,24,25,26,28]},"round":3,"sweep":1}
{"after":-95.95760523236656,"before":-95.98723131376309,"new":{"base":64,"bits":[1,4,5,8,9,10,11,12,13,16,17,19,20,24]},"old":{"base":64,"bits":[1,5,8,9,10,12,13,16,17,19,20,23,24,26]},"round":4,"sweep":1}
{"after":-95.9395796373331,"before":-95.95760523236655,"new":{"base":17,"bits":[2,3,7,9,10,11,13,14,15,16,17,18,21,22]},"old":{"base":17,"bits":[3,7,9,10,11,14,15,17,18,19,21,22,24,28]},"round":5,"sweep":1}
{"after":-95.9395780033002,"before":-95.9395796373331,"new":{"base":4,"bits":[1,4,5,8,9,10,11,12,13,15,16,17,19,20]},"old":{"base":4,"bits":[1,5,8,9,11,12,13,15,16,17,19,20,24,26]},"round":6,"sweep":1}
{"after":-95.93947646005776,"before":-95.9395780033002,"new":{"base":1,"bits":[2,3,6,7,9,10,11,12,13,14,15,16,17,18]},"old":{"base":1,"bits":[3,7,9,10,11,13,14,15,16,17,18,19,22,24]},"round":7,"sweep":1}
{"after":-95.93946181610625,"before":-95.93947646005776,"new":{"base":0,"bits":[1,4,5,8,9,10,11,12,13,14,15,16,17,18]},"old":{"base":0,"bits":[1,4,5,8,9,11,12,13,15,16,17,18,19,20]},"round":8,"sweep":1}
{"after":-95.93946050119864,"before":-95.93946181610623,"new":{"base":1,"bits":[2,3,6,7,9,10,11,12,13,14,15,16,17,19]},"old":{"base":1,"bits":[2,3,6,7,9,10,11,13,14,15,16,17,19,20]},"round":9,"sweep":1}
{"after":-95.93943876918169,"before":-95.93946050119864,"new":{"base":4,"bits":[1,4,5,8,9,10,11,12,13,14,15,16,17,18]},"old":{"base":4,"bits":[1,4,5,8,9,11,12,13,15,16,17,18,21,22]},"round":10,"sweep":1}
{"after":-95.93940084301757,"before":-95.93943876918169,"new":{"base":17,"bits":[2,3,6,7,9,10,11,12,13,14,16,18,19,20]},"old":{"base":17,"bits":[2,3,6,7,9,10,11,13,14,16,17,18,19,20]},"round":11,"sweep":1}
{"after":-95.93930599405711,"before":-95.93940084301757,"new":{"base":273,"bits":[2,3,5,6,7,9,10,11,12,13,14,16,19,20]},"old":{"base":273,"bits":[2,3,5,6,7,9,10,12,13,14,16,19,20,26]},"round":13,"sweep":1}
{"after":-95.9351023696903,"before":-95.9393059940571,"new":{"base":4,"bits":[1,4,5,8,9,10,11,12,14,15,16,17,18,22]},"old":{"base":4,"bits":[1,4,5,8,9,10,11,12,14,15,16,18,21,22]},"round":14,"sweep":1}
{"after":-95.61959874504095,"before":-95.9351023696903,"new":{"base":0,"bits":[1,4,5,8,9,10,11,12,13,14,15,16,19,20]},"old":{"base":0,"bits":[1,4,5,8,9,10,11,12,13,14,15,16,18,19]},"round":16,"sweep":1}
{"after":-95.61855026933364,"before":-95.61959874504096,"new":{"base":257,"bits":[2,3,6,7,9,10,11,12,13,14,15,16,17,18]},"old":{"base":257,"bits":[3,6,7,9,10,11,12,13,14,15,16,17,18,20]},"round":17,"sweep":1}
{"after":-95.61142035179178,"before":-95.61855026933364,"new":{"base":4,"bits":[1,4,5,8,9,10,11,12,13,14,15,16,17,18]},"old":{"base":4,"bits":[1,4,5,8,9,10,11,12,13,14,15,16,18,19]},"round":18,"sweep":1}
{"after":-95.57732543298823,"before":-95.61142035179179,"new":{"base":273,"bits":[2,3,6,7,9,10,11,12,13,14,16,17,18,20]},"old":{"base":273,"bits":[3,6,7,9,10,11,12,13,14,15,16,17,18,20]},"round":19,"sweep":1}
{"after":-95.55211272157477,"before":-95.57732543298823,"new":{"base":64,"bits":[1,4,5,8,9,10,11,12,13,14,15,16,18,20]},"old":{"base":64,"bits":[1,5,8,9,10,11,12,13,14,15,16,18,19,20]},"round":20,"sweep":1}
{"after":-95.5370250290702,"before":-95.55211272157479,"new":{"base":17,"bits":[2,3,6,7,9,10,11,12,13,14,16,17,18,20]},"old":{"base":17,"bits":[3,6,7,9,10,11,12,13,14,15,16,17,18,22]},"round":21,"sweep":1}
{"after":-95.53694344463347,"before":-95.5370250290702,"new":{"base":4,"bits":[1,4,5,8,9,10,11,12,13,14,15,16,18,19]},"old":{"base":4,"bits":[1,5,8,9,10,11,12,13,14,15,16,18,19,20]},"round":22,"sweep":1}
{"after":-95.5368482765199,"before":-95.53694344463347,"new":{"base":1,"bits":[2,3,6,7,9,10,11,12,13,14,15,16,17,20]},"old":{"base":1,"bits":[3,6,7,9,10,11,12,13,14,15,16,17,18,20]},"round":23,"sweep":1}
{"after":-95.53662148416142,"before":-95.5368482765199,"new":{"base":0,"bits":[1,4,5,8,9,10,11,12,13,14,15,16,17,18]},"old":{"base":0,"bits":[1,5,8,9,10,11,12,13,14,15,16,17,18,19]},"round":24,"sweep":1}
{"after":-95.53662126493012,"before":-95.53662148416142,"new":{"base":1,"bits":[2,3,6,7,9,10,11,12,13,14,15,16,17,19]},"old":{"base":1,"bits":[2,3,6,7,9,10,11,12,13,14,15,16,17,20]},"round":25,"sweep":1}
{"after":-95.53662053273925,"before":-95.53662126493012,"new":{"base":17,"bits":[2,3,6,7,9,10,11,12,13,14,16,18,19,20]},"old":{"base":17,"bits":[2,3,6,7,9,10,11,12,13,14,16,17,18,20]},"round":27,"sweep":1}
{"accepted":22,"after":-95.53662053273925,"before":-96.0035086553977,"sweep":1}
{"after":-95.53662017109284,"before":-95.53662053273922,"new":{"base":4,"bits":[1,4,5,8,9,10,11,12,13,14,15,16,18,20]},"old":{"base":4,"bits":[1,4,5,8,9,10,11,12,13,14,15,16,18,19]},"round":22,"sweep":2}
{"after":-95.53662002273906,"before":-95.53662017109284,"new":{"base":1,"bits":[2,3,6,7,9,10,11,12,13,14,15,16,17,18]},"old":{"base":1,"bits":[2,3,6,7,9,10,11,12,13,14,15,16,17,20]},"round":23,"sweep":2}
{"after":-95.53658616629782,"before":-95.53662002273906,"new":{"base":0,"bits":[1,3,4,5,8,9,10,11,12,13,14,15,16,18]},"old":{"base":0,"bits":[1,4,5,8,9,10,11,12,13,14,15,16,17,18]},"round":24,"sweep":2}
{"after":-95.53656746654957,"before":-95.53658616629782,"new":{"base":1,"bits":[2,3,5,6,7,9,10,11,12,13,14,16,17,20]},"old":{"base":1,"bits":[2,3,6,7,9,10,11,12,13,14,15,16,17,19]},"round":25,"sweep":2}
{"after":-95.53646401540115,"before":-95.53656746654956,"new":{"base":4,"bits":[1,4,5,7,8,9,10,11,12,13,14,15,16,18]},"old":{"base":4,"bits":[1,4,5,8,9,10,11,12,13,14,15,16,17,18]},"round":26,"sweep":2}
{"after":-95.53645526433765,"before":-95.53646401540115,"new":{"base":17,"bits":[2,3,5,6,7,9,10,11,12,13,14,16,18,20]},"old":{"base":17,"bits":[2,3,6,7,9,10,11,12,13,14,16,18,19,20]},"round":27,"sweep":2}
{"accepted":6,"after":-95.53645526433763,"before":-95.53662053273922,"sweep":2}
round=1 log2_max=-2.000000000000 seconds=0.0558
round=2 log2_max=-8.000000000000 seconds=0.0905
round=3 log2_max=-12.000000000000 seconds=0.2087
round=4 log2_max=-16.205584133650 seconds=0.1249
round=5 log2_max=-18.205584133650 seconds=0.0201
round=6 log2_max=-21.294341459979 seconds=0.0173
round=7 log2_max=-22.914763684013 seconds=0.0169
round=8 log2_max=-24.173878893514 seconds=0.0172
round=9 log2_max=-24.173878893514 seconds=0.0104
round=10 log2_max=-26.173866977442 seconds=0.0164
round=11 log2_max=-28.173865157403 seconds=0.0124
round=12 log2_max=-31.473421703318 seconds=0.0145
round=13 log2_max=-33.473421450361 seconds=0.0152
round=14 log2_max=-38.549033856869 seconds=0.0140
round=15 log2_max=-42.149042435452 seconds=0.0169
round=16 log2_max=-46.338869973081 seconds=0.0165
round=17 log2_max=-48.338869973081 seconds=0.0168
round=18 log2_max=-55.250882424029 seconds=0.0153
round=19 log2_max=-59.823547696001 seconds=0.0140
round=20 log2_max=-64.477972284475 seconds=0.0174
round=21 log2_max=-65.757747183215 seconds=0.0108
round=22 log2_max=-68.623181797368 seconds=0.0164
round=23 log2_max=-70.134257511058 seconds=0.0131
round=24 log2_max=-71.373045390889 seconds=0.0141
round=25 log2_max=-71.373045390889 seconds=0.0176
round=26 log2_max=-73.372469623626 seconds=0.0165
round=27 log2_max=-75.372448262748 seconds=0.0171
round=28 log2_max=-78.671914739867 seconds=0.0099
round=29 log2_max=-80.671914361023 seconds=0.0165
round=30 log2_max=-85.746776621605 seconds=0.0101
round=31 log2_max=-89.346648726387 seconds=0.0148
round=32 log2_max=-93.536455264338 seconds=0.0132
round=33 log2_max=-95.536455264338 seconds=0.0141
