{"after":-65.73294143696302,"before":-65.73294143816777,"new":{"base":8192,"bits":[1,4,15,16,19,20,22,23,24,26,27,29,30,31]},"old":{"base":8192,"bits":[1,5,15,16,19,20,22,23,24,26,27,29,30,31]},"round":3,"sweep":1}
{"after":-65.732941419448,"before":-65.73294143696302,"new":{"base":8192,"bits":[0,1,15,16,19,20,22,23,24,25,26,27,29,31]},"old":{"base":8192,"bits":[1,15,16,19,20,22,23,24,25,26,27,28,29,31]},"round":5,"sweep":1}
{"after":-65.73293468281584,"before":-65.732941419448,"new":{"base":32768,"bits":[1,14,17,18,21,22,23,24,25,26,27,28,29,31]},"old":{"base":32768,"bits":[1,3,14,17,18,21,22,23,24,25,26,28,29,31]},"round":6,"sweep":1}
{"after":-65.7329318133245,"before":-65.73293468281582,"new":{"base":139264,"bits":[0,1,15,16,19,20,22,23,24,25,26,27,29,31]},"old":{"base":139264,"bits":[1,15,16,19,20,22,23,24,25,26,27,29,30,31]},"round":7,"sweep":1}
{"after":-65.73249753820761,"before":-65.73293181332451,"new":{"base":524288,"bits":[5,14,16,17,18,21,22,23,24,25,28,29,30,31]},"old":{"base":524288,"bits":[14,16,17,18,21,22,23,24,25,26,28,29,30,31]},"round":8,"sweep":1}
{"after":-65.73249710350328,"before":-65.73249753820761,"new":{"base":2236416,"bits":[0,1,7,15,16,18,19,20,22,23,25,26,27,29]},"old":{"base":2236416,"bits":[0,1,15,16,18,19,20,22,23,24,25,26,27,29]},"round":9,"sweep":1}
{"after":-65.72905699108843,"before":-65.73249710350328,"new":{"base":32768,"bits":[3,14,17,18,21,22,23,24,25,27,28,29,30,31]},"old":{"base":32768,"bits":[2,3,14,17,18,21,22,23,24,25,27,28,29,31]},"round":10,"sweep":1}
{"after":-65.66914539713932,"before":-65.72905699108844,"new":{"base":0,"bits":[0,1,14,17,18,21,22,23,24,25,26,27,28,29]},"old":{"base":0,"bits":[1,14,17,18,21,22,23,24,25,26,27,28,29,31]},"round":12,"sweep":1}
{"after":-65.65060076010207,"before":-65.66914539713932,"new":{"base":2105344,"bits":[1,16,19,20,22,23,24,25,26,27,28,29,30,31]},"old":{"base":2105344,"bits":[3,16,19,20,22,23,24,25,26,27,28,29,30,31]},"round":13,"sweep":1}
{"after":-65.64471917980312,"before":-65.65060076010207,"new":{"base":32768,"bits":[14,17,18,21,22,23,24,25,26,27,28,29,30,31]},"old":{"base":32768,"bits":[1,14,17,18,21,22,23,24,25,26,27,28,29,31]},"round":14,"sweep":1}
{"after":-65.62620552718909,"before":-65.64471917980312,"new":{"base":2236416,"bits":[0,1,16,19,20,22,23,24,25,26,27,29,30,31]},"old":{"base":2236416,"bits":[3,16,19,20,22,23,24,25,26,27,28,29,30,31]},"round":15,"sweep":1}
{"after":-65.60364047021434,"before":-65.62620552718909,"new":{"base":524288,"bits":[1,14,17,18,21,22,23,24,25,26,28,29,30,31]},"old":{"base":524288,"bits":[1,5,14,18,21,22,23,24,25,26,27,28,29,31]},"round":16,"sweep":1}
{"after":-65.60363272015901,"before":-65.60364047021434,"new":{"base":139264,"bits":[1,16,19,20,22,23,24,25,26,27,28,29,30,31]},"old":{"base":139264,"bits":[3,16,19,20,22,23,24,25,26,27,28,29,30,31]},"round":17,"sweep":1}
{"after":-65.60358017127474,"before":-65.60363272015901,"new":{"base":32768,"bits":[1,14,17,18,21,22,23,24,25,26,28,29,30,31]},"old":{"base":32768,"bits":[1,5,14,18,21,22,23,24,25,26,27,28,29,31]},"round":18,"sweep":1}
{"after":-65.60357983312693,"before":-65.60358017127474,"new":{"base":8192,"bits":[0,16,19,20,22,23,24,25,26,27,28,29,30,31]},"old":{"base":8192,"bits":[3,16,19,20,22,23,24,25,26,27,28,29,30,31]},"round":19,"sweep":1}
{"after":-65.60357553097828,"before":-65.60357983312693,"new":{"base":0,"bits":[14,17,18,21,22,23,24,25,26,27,28,29,30,31]},"old":{"base":0,"bits":[1,14,18,21,22,23,24,25,26,27,28,29,30,31]},"round":20,"sweep":1}
{"accepted":16,"after":-65.60357553097828,"before":-65.73294143816777,"sweep":1}
{"after":-65.60356218664093,"before":-65.60357553097826,"new":{"base":2236416,"bits":[0,1,15,16,18,19,20,22,23,24,25,26,27,29]},"old":{"base":2236416,"bits":[0,1,7,15,16,18,19,20,22,23,25,26,27,29]},"round":9,"sweep":2}
{"accepted":1,"after":-65.60356218664091,"before":-65.60357553097828,"sweep":2}
round=1 log2_max=-2.000000000000 seconds=0.1838
round=2 log2_max=-6.000000000000 seconds=0.1677
round=3 log2_max=-8.000000000000 seconds=0.1703
round=4 log2_max=-9.299560281859 seconds=0.2246
round=5 log2_max=-9.299560281859 seconds=0.0669
round=6 log2_max=-11.299560281859 seconds=0.0194
round=7 log2_max=-13.299560281859 seconds=0.0168
round=8 log2_max=-16.599119816577 seconds=0.0170
round=9 log2_max=-18.599119816577 seconds=0.0171
round=10 log2_max=-23.674744006438 seconds=0.0167
round=11 log2_max=-27.274773707388 seconds=0.0170
round=12 log2_max=-31.464564489147 seconds=0.0167
round=13 log2_max=-33.464564489146 seconds=0.0169
round=14 log2_max=-40.317965911997 seconds=0.0142
round=15 log2_max=-44.948154576454 seconds=0.0141
round=16 log2_max=-49.313095850029 seconds=0.0169
round=17 log2_max=-50.599531828779 seconds=0.0163
round=18 log2_max=-53.523924998306 seconds=0.0152
round=19 log2_max=-55.049532787916 seconds=0.0169
round=20 log2_max=-56.304421103237 seconds=0.0143
round=21 log2_max=-56.304421103237 seconds=0.0141
round=22 log2_max=-58.304015050555 seconds=0.0168
round=23 log2_max=-60.304009887769 seconds=0.0167
round=24 log2_max=-63.603562531434 seconds=0.0167
round=25 log2_max=-65.603562186641 seconds=0.0164
