{"after":-64.39811305173421,"before":-64.3981130544431,"new":{"base":262144,"bits":[0,1,2,4,5,7,8,9,11,12,15,16,27,30]},"old":{"base":262144,"bits":[0,1,2,4,5,7,8,9,11,12,15,16,26,30]},"round":3,"sweep":1}
{"after":-64.39810666479359,"before":-64.39811305173421,"new":{"base":0,"bits":[0,1,2,3,5,6,7,8,9,10,13,14,17,30]},"old":{"base":0,"bits":[0,1,2,3,5,6,7,9,10,13,14,17,28,30]},"round":4,"sweep":1}
{"after":-64.39810275141812,"before":-64.39810666479359,"new":{"base":262144,"bits":[0,2,4,5,6,7,8,9,11,12,15,16,30,31]},"old":{"base":262144,"bits":[0,2,3,4,5,7,8,9,11,12,15,16,30,31]},"round":5,"sweep":1}
{"after":-64.39809588417327,"before":-64.39810275141812,"new":{"base":65536,"bits":[0,1,2,3,4,5,6,7,8,9,10,13,14,17]},"old":{"base":65536,"bits":[0,1,2,3,5,6,7,8,9,10,13,14,17,29]},"round":6,"sweep":1}
{"after":-64.39809282361414,"before":-64.39809588417327,"new":{"base":278528,"bits":[0,2,4,5,6,7,8,9,11,12,15,16,30,31]},"old":{"base":278528,"bits":[1,2,4,5,6,7,8,9,11,12,15,16,30,31]},"round":7,"sweep":1}
{"after":-64.39771453143592,"before":-64.39809282361414,"new":{"base":4096,"bits":[0,1,2,3,5,6,7,8,9,10,13,14,15,17]},"old":{"base":4096,"bits":[0,1,2,3,5,6,7,8,9,10,13,14,17,31]},"round":8,"sweep":1}
{"after":-64.39675777624072,"before":-64.39771453143592,"new":{"base":279552,"bits":[2,4,5,6,7,8,9,11,12,13,15,16,30,31]},"old":{"base":279552,"bits":[2,4,5,6,7,8,9,11,12,15,16,24,30,31]},"round":9,"sweep":1}
{"after":-64.39150960501836,"before":-64.39675777624072,"new":{"base":65536,"bits":[0,1,2,3,4,6,7,8,9,10,13,14,17,28]},"old":{"base":65536,"bits":[0,2,3,4,6,7,8,9,10,13,14,17,28,29]},"round":10,"sweep":1}
{"after":-64.34025029703776,"before":-64.39150960501837,"new":{"base":0,"bits":[2,3,4,5,6,7,8,9,10,13,14,17,30,31]},"old":{"base":0,"bits":[0,2,3,4,5,6,7,8,9,10,13,14,17,30]},"round":12,"sweep":1}
{"after":-64.33288239871166,"before":-64.34025029703776,"new":{"base":65536,"bits":[0,1,2,3,4,5,6,7,8,9,10,13,14,17]},"old":{"base":65536,"bits":[0,2,3,4,5,6,7,8,9,10,13,14,17,30]},"round":14,"sweep":1}
{"after":-64.32112598341261,"before":-64.33288239871166,"new":{"base":279552,"bits":[0,1,2,4,5,6,7,8,9,11,12,15,16,30]},"old":{"base":279552,"bits":[0,1,2,3,4,5,6,7,8,9,11,12,15,16]},"round":15,"sweep":1}
{"after":-64.31247622508573,"before":-64.32112598341261,"new":{"base":4096,"bits":[0,2,3,4,5,6,7,8,9,10,13,14,17,30]},"old":{"base":4096,"bits":[1,2,3,4,5,6,7,8,9,10,13,14,17,31]},"round":16,"sweep":1}
{"after":-64.30353513671835,"before":-64.31247622508573,"new":{"base":278528,"bits":[0,1,2,3,4,5,6,7,8,9,11,12,15,16]},"old":{"base":278528,"bits":[0,1,2,3,4,5,6,7,8,9,11,12,15,29]},"round":17,"sweep":1}
{"after":-64.30338445021891,"before":-64.30353513671835,"new":{"base":262144,"bits":[0,1,2,4,5,6,7,8,9,11,12,15,16,31]},"old":{"base":262144,"bits":[0,1,2,3,4,5,6,7,8,9,11,12,15,31]},"round":19,"sweep":1}
{"after":-64.30338444300082,"before":-64.30338445021891,"new":{"base":262144,"bits":[1,2,4,5,6,7,8,9,11,12,15,16,30,31]},"old":{"base":262144,"bits":[2,3,4,5,6,7,8,9,11,12,15,16,30,31]},"round":21,"sweep":1}
{"accepted":15,"after":-64.30338444300082,"before":-64.3981130544431,"sweep":1}
{"after":-64.30338438681412,"before":-64.30338444300081,"new":{"base":262144,"bits":[1,2,3,4,5,6,7,8,9,11,12,15,16,31]},"old":{"base":262144,"bits":[0,1,2,4,5,6,7,8,9,11,12,15,16,31]},"round":19,"sweep":2}
{"accepted":1,"after":-64.30338438681412,"before":-64.30338444300082,"sweep":2}
round=1 log2_max=-2.000000000000 seconds=0.0317
round=2 log2_max=-6.000000000000 seconds=0.0438
round=3 log2_max=-8.000000000000 seconds=0.0298
round=4 log2_max=-9.192645077942 seconds=0.0424
round=5 log2_max=-9.192645077942 seconds=0.0273
round=6 log2_max=-11.192645077942 seconds=0.0120
round=7 log2_max=-13.192645077942 seconds=0.0167
round=8 log2_max=-16.385288960152 seconds=0.0126
round=9 log2_max=-18.385288960152 seconds=0.0144
round=10 log2_max=-23.293844734580 seconds=0.0165
round=11 log2_max=-26.778498557609 seconds=0.0108
round=12 log2_max=-30.838140976015 seconds=0.0170
round=13 log2_max=-32.838140976015 seconds=0.0177
round=14 log2_max=-39.639387849198 seconds=0.0166
round=15 log2_max=-44.130226328985 seconds=0.0135
round=16 log2_max=-48.837841128800 seconds=0.0145
round=17 log2_max=-49.822269208514 seconds=0.0172
round=18 log2_max=-52.550714622130 seconds=0.0105
round=19 log2_max=-53.976620981511 seconds=0.0170
round=20 log2_max=-55.111503190364 seconds=0.0125
round=21 log2_max=-55.111503190364 seconds=0.0173
round=22 log2_max=-57.110814284120 seconds=0.0175
round=23 log2_max=-59.110783126370 seconds=0.0171
round=24 log2_max=-62.303384945510 seconds=0.0170
round=25 log2_max=-64.303384386814 seconds=0.0129
