{"after":-98.71549566310723,"before":-98.71549566574183,"new":{"base":64,"bits":[0,3,4,31,34,36,37,38,40,41,43,44,45,47]},"old":{"base":64,"bits":[0,3,4,30,34,36,37,38,40,41,43,44,45,47]},"round":3,"sweep":1}
{"after":-98.71548984707938,"before":-98.71549566310723,"new":{"base":0,"bits":[1,2,5,34,36,37,38,39,41,42,43,44,45,46]},"old":{"base":0,"bits":[1,2,5,32,34,36,37,38,39,41,42,43,45,46]},"round":4,"sweep":1}
{"after":-98.71548647015098,"before":-98.71548984707938,"new":{"base":64,"bits":[0,3,4,34,35,36,38,40,41,42,43,44,45,47]},"old":{"base":64,"bits":[0,3,4,34,35,36,38,39,40,41,43,44,45,47]},"round":5,"sweep":1}
{"after":-98.71548022634117,"before":-98.71548647015096,"new":{"base":16,"bits":[1,2,5,36,37,38,39,40,41,42,43,44,45,46]},"old":{"base":16,"bits":[1,2,5,33,36,37,38,39,41,42,43,44,45,46]},"round":6,"sweep":1}
{"after":-98.7154300736485,"before":-98.71548022634117,"new":{"base":1,"bits":[1,2,5,36,37,38,39,40,41,42,43,44,45,46]},"old":{"base":1,"bits":[1,2,5,35,36,37,38,39,41,42,43,44,45,46]},"round":8,"sweep":1}
{"after":-98.71465117018178,"before":-98.71543007364849,"new":{"base":70368744177732,"bits":[0,1,3,4,34,35,38,40,41,42,43,44,45,47]},"old":{"base":70368744177732,"bits":[0,3,4,34,35,36,38,40,41,42,43,44,45,47]},"round":9,"sweep":1}
{"after":-98.7097807541533,"before":-98.7146511701818,"new":{"base":16,"bits":[1,2,5,32,36,37,38,39,40,42,43,44,45,46]},"old":{"base":16,"bits":[1,2,5,32,33,36,38,39,40,42,43,44,45,46]},"round":10,"sweep":1}
{"after":-98.65643122873936,"before":-98.70978075415329,"new":{"base":0,"bits":[1,2,5,34,35,38,39,40,41,42,43,44,45,46]},"old":{"base":0,"bits":[1,2,5,34,36,38,39,40,41,42,43,44,45,46]},"round":12,"sweep":1}
{"after":-98.63527926466278,"before":-98.65643122873936,"new":{"base":70368744177728,"bits":[0,3,34,36,37,38,39,40,41,42,43,44,45,47]},"old":{"base":70368744177728,"bits":[0,3,32,36,37,38,39,40,41,42,43,44,45,47]},"round":13,"sweep":1}
{"after":-98.62722669027369,"before":-98.63527926466278,"new":{"base":16,"bits":[1,2,5,36,37,38,39,40,41,42,43,44,45,46]},"old":{"base":16,"bits":[1,2,5,34,36,38,39,40,41,42,43,44,45,46]},"round":14,"sweep":1}
{"after":-98.62399673969563,"before":-98.62722669027369,"new":{"base":70368744177732,"bits":[0,3,34,35,36,37,38,40,41,42,43,44,45,47]},"old":{"base":70368744177732,"bits":[0,3,34,36,37,38,39,40,41,42,43,44,45,47]},"round":15,"sweep":1}
{"after":-98.60974414431254,"before":-98.62399673969563,"new":{"base":1,"bits":[1,2,5,35,36,38,39,40,41,42,43,44,45,46]},"old":{"base":1,"bits":[1,5,35,36,37,38,39,40,41,42,43,44,45,46]},"round":16,"sweep":1}
{"after":-98.60974387699889,"before":-98.60974414431254,"new":{"base":68,"bits":[0,3,35,36,37,38,39,40,41,42,43,44,45,47]},"old":{"base":68,"bits":[0,3,34,36,37,38,39,40,41,42,43,44,45,47]},"round":17,"sweep":1}
{"after":-98.60965609041347,"before":-98.60974387699889,"new":{"base":16,"bits":[1,2,5,35,37,38,39,40,41,42,43,44,45,46]},"old":{"base":16,"bits":[1,5,35,36,37,38,39,40,41,42,43,44,45,46]},"round":18,"sweep":1}
{"after":-98.60961334948462,"before":-98.60965609041347,"new":{"base":64,"bits":[0,3,4,35,37,38,39,40,41,42,43,44,45,47]},"old":{"base":64,"bits":[0,3,34,36,37,38,39,40,41,42,43,44,45,47]},"round":19,"sweep":1}
{"after":-98.609489937664,"before":-98.6096133494846,"new":{"base":0,"bits":[1,2,5,36,37,38,39,40,41,42,43,44,45,46]},"old":{"base":0,"bits":[1,5,35,36,37,38,39,40,41,42,43,44,45,46]},"round":20,"sweep":1}
{"after":-98.60947463330625,"before":-98.60948993766401,"new":{"base":64,"bits":[0,3,4,35,37,38,39,40,41,42,43,44,45,47]},"old":{"base":64,"bits":[0,3,4,34,36,37,38,39,40,41,43,44,45,47]},"round":21,"sweep":1}
{"after":-98.60938179732806,"before":-98.60947463330625,"new":{"base":16,"bits":[1,2,5,36,38,39,40,41,42,43,44,45,46,47]},"old":{"base":16,"bits":[1,2,5,36,37,38,39,40,41,42,43,44,45,46]},"round":22,"sweep":1}
{"after":-98.60937548297308,"before":-98.60938179732806,"new":{"base":68,"bits":[0,1,3,4,34,37,38,40,41,42,43,44,45,47]},"old":{"base":68,"bits":[0,3,4,34,35,37,38,40,41,42,43,44,45,47]},"round":23,"sweep":1}
{"after":-98.60932218495968,"before":-98.60937548297308,"new":{"base":1,"bits":[1,2,5,36,37,38,39,40,41,42,43,44,45,46]},"old":{"base":1,"bits":[1,2,5,35,36,37,38,39,41,42,43,44,45,46]},"round":24,"sweep":1}
{"after":-98.60883488751409,"before":-98.60932218495968,"new":{"base":70368744177732,"bits":[0,1,3,4,34,35,38,40,41,42,43,44,45,47]},"old":{"base":70368744177732,"bits":[0,3,4,34,35,36,38,40,41,42,43,44,45,47]},"round":25,"sweep":1}
{"after":-98.60518242405087,"before":-98.60883488751409,"new":{"base":16,"bits":[1,2,5,32,36,37,38,39,40,42,43,44,45,46]},"old":{"base":16,"bits":[1,2,5,32,33,36,38,39,40,42,43,44,45,46]},"round":26,"sweep":1}
{"after":-98.60352362164372,"before":-98.60518242405087,"new":{"base":70368744177728,"bits":[0,3,30,34,36,37,38,40,41,42,43,44,45,47]},"old":{"base":70368744177728,"bits":[0,3,4,34,36,37,38,40,41,42,43,44,45,47]},"round":27,"sweep":1}
{"after":-98.54560680863321,"before":-98.60352362164372,"new":{"base":0,"bits":[1,2,5,34,35,38,39,40,41,42,43,44,45,46]},"old":{"base":0,"bits":[1,2,5,34,36,38,39,40,41,42,43,44,45,46]},"round":28,"sweep":1}
{"after":-98.52530382177831,"before":-98.5456068086332,"new":{"base":70368744177728,"bits":[0,3,34,36,37,38,39,40,41,42,43,44,45,47]},"old":{"base":70368744177728,"bits":[0,3,32,36,37,38,39,40,41,42,43,44,45,47]},"round":29,"sweep":1}
{"after":-98.52068748633228,"before":-98.52530382177831,"new":{"base":16,"bits":[1,2,5,36,37,38,39,40,41,42,43,44,45,46]},"old":{"base":16,"bits":[1,2,5,34,36,38,39,40,41,42,43,44,45,46]},"round":30,"sweep":1}
{"accepted":26,"after":-98.52068748633228,"before":-98.71549566574183,"sweep":1}
{"after":-98.52068744703608,"before":-98.52068748633229,"new":{"base":0,"bits":[1,2,5,35,36,37,39,40,41,42,43,44,45,46]},"old":{"base":0,"bits":[1,2,5,36,37,38,39,40,41,42,43,44,45,46]},"round":20,"sweep":2}
{"after":-98.52066992082452,"before":-98.52068744703608,"new":{"base":64,"bits":[0,1,3,4,34,38,39,40,41,42,43,44,45,47]},"old":{"base":64,"bits":[0,3,4,35,37,38,39,40,41,42,43,44,45,47]},"round":21,"sweep":2}
{"after":-98.52066888703744,"before":-98.52066992082452,"new":{"base":16,"bits":[1,2,5,36,37,38,39,40,42,43,44,45,46,47]},"old":{"base":16,"bits":[1,2,5,36,38,39,40,41,42,43,44,45,46,47]},"round":22,"sweep":2}
{"after":-98.5206234629554,"before":-98.52066888703743,"new":{"base":1,"bits":[1,2,3,5,35,36,37,39,41,42,43,44,45,46]},"old":{"base":1,"bits":[1,2,5,36,37,38,39,40,41,42,43,44,45,46]},"round":24,"sweep":2}
{"accepted":4,"after":-98.5206234629554,"before":-98.52068748633229,"sweep":2}
round=1 log2_max=-2.000000000000 seconds=0.1183
round=2 log2_max=-6.000000000000 seconds=0.0413
round=3 log2_max=-8.000000000000 seconds=0.0935
round=4 log2_max=-9.192645077942 seconds=0.1024
round=5 log2_max=-9.192645077942 seconds=0.0236
round=6 log2_max=-11.192645077942 seconds=0.0152
round=7 log2_max=-13.192645077942 seconds=0.0164
round=8 log2_max=-16.385288960152 seconds=0.0103
round=9 log2_max=-18.385288960152 seconds=0.0175
round=10 log2_max=-23.293844711056 seconds=0.0151
round=11 log2_max=-26.778498372510 seconds=0.0126
round=12 log2_max=-30.838177003602 seconds=0.0177
round=13 log2_max=-32.838177003602 seconds=0.0169
round=14 log2_max=-39.639431277475 seconds=0.0168
round=15 log2_max=-44.132161899461 seconds=0.0153
round=16 log2_max=-48.823367446568 seconds=0.0141
round=17 log2_max=-49.809897273004 seconds=0.0173
round=18 log2_max=-52.574409985293 seconds=0.0114
round=19 log2_max=-53.997813703047 seconds=0.0173
round=20 log2_max=-55.142760428937 seconds=0.0144
round=21 log2_max=-55.142760428937 seconds=0.0179
round=22 log2_max=-57.142212254603 seconds=0.0170
round=23 log2_max=-59.142185297498 seconds=0.0171
round=24 log2_max=-62.334801752886 seconds=0.0169
round=25 log2_max=-64.334801350366 seconds=0.0128
round=26 log2_max=-69.243016335773 seconds=0.0131
round=27 log2_max=-72.727585991029 seconds=0.0166
round=28 log2_max=-76.787235238974 seconds=0.0124
round=29 log2_max=-78.787235238974 seconds=0.0172
round=30 log2_max=-85.578956962112 seconds=0.0119
round=31 log2_max=-90.099212415862 seconds=0.0170
round=32 log2_max=-94.765837220687 seconds=0.0169
round=33 log2_max=-95.750355954502 seconds=0.0175
round=34 log2_max=-98.520623462955 seconds=0.0170
