{"after":-68.820805717465,"before":-68.82082114128586,"new":{"base":0,"bits":[7,9,10,11,14,15,16,17,18,21,22,23,24,28]},"old":{"base":0,"bits":[7,10,11,14,15,16,17,18,20,21,22,23,24,28]},"round":3,"sweep":1}
{"after":-68.8207976503855,"before":-68.820805717465,"new":{"base":256,"bits":[7,10,11,14,15,16,17,18,19,20,21,22,23,24]},"old":{"base":256,"bits":[7,10,11,14,15,16,17,18,19,21,22,23,24,26]},"round":5,"sweep":1}
{"after":-68.82079278258028,"before":-68.8207976503855,"new":{"base":1088,"bits":[8,9,12,13,15,16,17,18,19,20,22,24,25,26]},"old":{"base":1088,"bits":[8,9,12,13,15,16,17,18,19,20,22,23,24,26]},"round":6,"sweep":1}
{"after":-68.82035869884483,"before":-68.8207927825803,"new":{"base":4096,"bits":[7,9,10,11,14,15,16,17,18,21,22,23,24,30]},"old":{"base":4096,"bits":[7,9,10,11,14,15,16,17,18,19,21,22,23,24]},"round":7,"sweep":1}
{"after":-68.82035672344361,"before":-68.82035869884484,"new":{"base":17472,"bits":[0,8,9,11,12,13,15,16,18,19,20,22,25,26]},"old":{"base":17472,"bits":[8,9,11,12,13,15,16,17,18,19,20,22,25,26]},"round":8,"sweep":1}
{"after":-68.81693255817979,"before":-68.82035672344361,"new":{"base":256,"bits":[7,10,11,14,15,16,17,18,20,21,22,23,24,28]},"old":{"base":256,"bits":[7,10,11,14,15,16,17,18,20,21,22,24,27,28]},"round":9,"sweep":1}
{"after":-68.75684414360987,"before":-68.8169325581798,"new":{"base":0,"bits":[7,10,11,14,15,16,17,18,19,20,21,22,25,26]},"old":{"base":0,"bits":[7,10,11,14,15,16,17,18,19,20,21,22,24,26]},"round":11,"sweep":1}
{"after":-68.7383568063722,"before":-68.75684414360987,"new":{"base":16448,"bits":[9,12,13,15,16,17,18,19,20,21,22,23,24,26]},"old":{"base":16448,"bits":[9,12,13,15,16,17,18,19,20,21,22,23,24,28]},"round":12,"sweep":1}
{"after":-68.7325063283513,"before":-68.7383568063722,"new":{"base":256,"bits":[7,10,11,14,15,16,17,18,19,20,21,22,23,24]},"old":{"base":256,"bits":[7,10,11,14,15,16,17,18,19,20,21,22,24,26]},"round":13,"sweep":1}
{"after":-68.71668624320266,"before":-68.7325063283513,"new":{"base":17472,"bits":[9,12,13,15,16,17,18,19,20,22,23,24,25,26]},"old":{"base":17472,"bits":[9,12,13,15,16,17,18,19,20,21,22,23,24,28]},"round":14,"sweep":1}
{"after":-68.68083082759878,"before":-68.71668624320266,"new":{"base":4096,"bits":[7,10,11,14,15,16,17,18,19,20,21,22,24,26]},"old":{"base":4096,"bits":[7,11,14,15,16,17,18,19,20,21,22,25,26,30]},"round":15,"sweep":1}
{"after":-68.68082701741761,"before":-68.68083082759878,"new":{"base":1088,"bits":[9,12,13,15,16,17,18,19,20,21,22,23,24,26]},"old":{"base":1088,"bits":[9,12,13,15,16,17,18,19,20,21,22,23,24,28]},"round":16,"sweep":1}
{"after":-68.68075974124204,"before":-68.68082701741761,"new":{"base":256,"bits":[7,10,11,14,15,16,17,18,19,20,21,22,24,26]},"old":{"base":256,"bits":[7,11,14,15,16,17,18,19,20,21,22,25,26,30]},"round":17,"sweep":1}
{"after":-68.68071691552163,"before":-68.68075974124204,"new":{"base":64,"bits":[8,9,12,13,15,16,17,18,19,20,22,23,24,26]},"old":{"base":64,"bits":[9,12,13,15,16,17,18,19,20,21,22,23,24,28]},"round":18,"sweep":1}
{"after":-68.68060099179678,"before":-68.68071691552163,"new":{"base":0,"bits":[7,10,11,14,15,16,17,18,19,20,21,22,24,25]},"old":{"base":0,"bits":[7,11,14,15,16,17,18,19,20,21,22,24,25,26]},"round":19,"sweep":1}
{"after":-68.68060097804178,"before":-68.68060099179678,"new":{"base":64,"bits":[8,9,12,13,15,16,17,18,19,20,21,22,23,24]},"old":{"base":64,"bits":[8,9,12,13,15,16,17,18,19,20,21,22,23,26]},"round":20,"sweep":1}
{"after":-68.68060081567164,"before":-68.68060097804178,"new":{"base":256,"bits":[7,9,10,11,14,15,16,17,18,19,20,21,22,24]},"old":{"base":256,"bits":[7,10,11,14,15,16,17,18,19,20,21,22,23,24]},"round":21,"sweep":1}
{"accepted":17,"after":-68.68060081567164,"before":-68.82082114128586,"sweep":1}
{"after":-68.68058970679888,"before":-68.68060081567164,"new":{"base":17472,"bits":[8,9,11,12,13,15,16,17,18,19,20,22,25,26]},"old":{"base":17472,"bits":[0,8,9,11,12,13,15,16,18,19,20,22,25,26]},"round":8,"sweep":2}
{"accepted":1,"after":-68.68058970679888,"before":-68.68060081567164,"sweep":2}
round=1 log2_max=-4.000000000000 seconds=0.0742
round=2 log2_max=-6.000000000000 seconds=0.0924
round=3 log2_max=-7.299560281859 seconds=0.1560
round=4 log2_max=-7.299560281859 seconds=0.2554
round=5 log2_max=-9.299560281859 seconds=0.0202
round=6 log2_max=-11.299560281859 seconds=0.0171
round=7 log2_max=-14.599119298834 seconds=0.0142
round=8 log2_max=-16.599119298834 seconds=0.0164
round=9 log2_max=-21.674735120785 seconds=0.0170
round=10 log2_max=-25.274762899060 seconds=0.0141
round=11 log2_max=-29.464551236264 seconds=0.0138
round=12 log2_max=-31.464551236264 seconds=0.0168
round=13 log2_max=-38.317952550071 seconds=0.0168
round=14 log2_max=-42.947983322646 seconds=0.0166
round=15 log2_max=-47.313078400898 seconds=0.0130
round=16 log2_max=-48.599513625660 seconds=0.0142
round=17 log2_max=-51.523902717430 seconds=0.0168
round=18 log2_max=-53.049508631138 seconds=0.0170
round=19 log2_max=-54.306530790564 seconds=0.0169
round=20 log2_max=-54.306530790564 seconds=0.0174
round=21 log2_max=-56.306070773561 seconds=0.0171
round=22 log2_max=-58.306053287554 seconds=0.0165
round=23 log2_max=-61.605562197514 seconds=0.0140
round=24 log2_max=-63.605562151983 seconds=0.0172
round=25 log2_max=-68.680589706799 seconds=0.0169
