{"after":-100.1961421869484,"before":-100.20599111131166,"new":{"base":17472,"bits":[3,4,5,11,12,36,37,40,41,43,44,45,46,47]},"old":{"base":17472,"bits":[3,4,5,11,34,36,37,38,40,41,43,44,45,47]},"round":3,"sweep":1}
{"after":-100.16610252813496,"before":-100.1961421869484,"new":{"base":256,"bits":[1,2,3,4,5,6,9,13,38,39,42,43,45,46]},"old":{"base":256,"bits":[1,2,4,5,6,9,13,38,39,41,42,43,45,46]},"round":4,"sweep":1}
{"after":-100.16199961506018,"before":-100.16610252813494,"new":{"base":17408,"bits":[0,1,3,4,5,7,11,38,41,43,44,45,46,47]},"old":{"base":17408,"bits":[0,1,3,4,5,7,11,38,40,41,43,44,45,47]},"round":5,"sweep":1}
{"after":-100.16199875917022,"before":-100.16199961506018,"new":{"base":4096,"bits":[1,2,3,4,5,6,9,13,42,43,44,45,46,47]},"old":{"base":4096,"bits":[1,2,3,5,6,9,13,38,42,43,44,45,46,47]},"round":6,"sweep":1}
{"after":-100.16199822425273,"before":-100.16199875917022,"new":{"base":16384,"bits":[0,1,3,4,5,7,11,12,42,43,44,45,46,47]},"old":{"base":16384,"bits":[0,1,3,4,5,7,11,40,42,43,44,45,46,47]},"round":7,"sweep":1}
{"after":-100.16199702881258,"before":-100.16199822425273,"new":{"base":0,"bits":[1,2,3,4,5,6,9,10,13,40,44,45,46,47]},"old":{"base":0,"bits":[1,2,3,5,6,9,13,40,42,43,44,45,46,47]},"round":8,"sweep":1}
{"after":-100.16197699803668,"before":-100.16199702881258,"new":{"base":16384,"bits":[0,1,2,3,4,5,7,8,11,12,42,43,46,47]},"old":{"base":16384,"bits":[0,1,3,4,5,7,11,12,42,43,44,45,46,47]},"round":9,"sweep":1}
{"after":-100.16195772036242,"before":-100.16197699803668,"new":{"base":4096,"bits":[0,1,2,3,4,5,6,9,10,13,44,45,46,47]},"old":{"base":4096,"bits":[1,2,3,5,6,9,10,13,40,42,44,45,46,47]},"round":10,"sweep":1}
{"after":-100.16191969638243,"before":-100.16195772036244,"new":{"base":17408,"bits":[0,1,2,3,4,5,7,8,11,12,42,43,45,46]},"old":{"base":17408,"bits":[0,1,3,4,5,7,8,11,12,42,43,44,45,46]},"round":11,"sweep":1}
{"after":-100.161873175603,"before":-100.16191969638243,"new":{"base":256,"bits":[0,1,2,3,4,5,6,9,10,13,44,45,46,47]},"old":{"base":256,"bits":[1,2,3,4,5,6,9,10,13,43,44,45,46,47]},"round":12,"sweep":1}
{"after":-100.16108165392774,"before":-100.161873175603,"new":{"base":17472,"bits":[0,1,2,3,4,5,7,8,9,11,12,42,43,46]},"old":{"base":17472,"bits":[0,1,2,3,4,5,7,8,11,12,36,42,43,46]},"round":13,"sweep":1}
{"after":-100.15621138300597,"before":-100.16108165392772,"new":{"base":4096,"bits":[0,2,3,4,5,6,9,10,13,40,44,45,46,47]},"old":{"base":4096,"bits":[0,2,3,4,5,6,9,10,13,40,41,44,46,47]},"round":14,"sweep":1}
{"after":-100.1028585209628,"before":-100.15621138300597,"new":{"base":0,"bits":[0,1,2,3,4,5,6,9,10,13,42,43,46,47]},"old":{"base":0,"bits":[0,1,2,3,4,5,6,9,10,13,42,44,46,47]},"round":16,"sweep":1}
{"after":-100.08170601397468,"before":-100.1028585209628,"new":{"base":16448,"bits":[0,1,2,3,4,5,7,8,11,42,44,45,46,47]},"old":{"base":16448,"bits":[0,1,2,3,4,5,7,8,11,40,44,45,46,47]},"round":17,"sweep":1}
{"after":-100.07365398580345,"before":-100.08170601397468,"new":{"base":4096,"bits":[0,1,2,3,4,5,6,9,10,13,44,45,46,47]},"old":{"base":4096,"bits":[0,1,2,3,4,5,6,9,10,13,42,44,46,47]},"round":18,"sweep":1}
{"after":-100.07042409940567,"before":-100.07365398580346,"new":{"base":17472,"bits":[0,1,2,3,4,5,7,8,11,42,43,44,45,46]},"old":{"base":17472,"bits":[0,1,2,3,4,5,7,8,11,42,44,45,46,47]},"round":19,"sweep":1}
{"after":-100.05618190414506,"before":-100.07042409940567,"new":{"base":256,"bits":[0,1,2,3,4,5,6,9,10,13,43,44,46,47]},"old":{"base":256,"bits":[0,1,2,3,4,5,6,9,13,43,44,45,46,47]},"round":20,"sweep":1}
{"after":-100.05617778401503,"before":-100.05618190414506,"new":{"base":17408,"bits":[0,1,2,3,4,5,7,8,11,42,44,45,46,47]},"old":{"base":17408,"bits":[0,1,2,3,4,5,7,8,11,41,44,45,46,47]},"round":21,"sweep":1}
{"after":-100.05609111948968,"before":-100.05617778401503,"new":{"base":4096,"bits":[0,1,2,3,4,5,6,9,10,13,43,44,46,47]},"old":{"base":4096,"bits":[0,1,2,3,4,5,6,9,13,43,44,45,46,47]},"round":22,"sweep":1}
{"after":-100.05604989443773,"before":-100.05609111948968,"new":{"base":16384,"bits":[0,1,2,3,4,5,7,8,11,12,42,45,46,47]},"old":{"base":16384,"bits":[0,1,2,3,4,5,7,8,11,42,44,45,46,47]},"round":23,"sweep":1}
{"after":-100.05596418988762,"before":-100.05604989443773,"new":{"base":0,"bits":[0,1,2,3,4,5,6,9,10,13,44,45,46,47]},"old":{"base":0,"bits":[0,1,2,3,4,5,6,9,13,43,44,45,46,47]},"round":24,"sweep":1}
{"after":-100.0559545361312,"before":-100.0559641898876,"new":{"base":16384,"bits":[0,1,2,3,4,5,7,8,11,12,42,45,46,47]},"old":{"base":16384,"bits":[0,1,3,4,5,7,8,11,12,42,44,45,46,47]},"round":25,"sweep":1}
{"after":-100.05590047816204,"before":-100.0559545361312,"new":{"base":4096,"bits":[0,1,2,3,4,5,6,7,9,10,13,44,46,47]},"old":{"base":4096,"bits":[0,1,2,3,4,5,6,9,10,13,44,45,46,47]},"round":26,"sweep":1}
{"after":-100.0558968997879,"before":-100.05590047816204,"new":{"base":17408,"bits":[0,1,2,3,4,5,7,8,9,11,12,42,45,46]},"old":{"base":17408,"bits":[0,1,2,3,4,5,7,8,11,12,42,43,45,46]},"round":27,"sweep":1}
{"after":-100.05589526915017,"before":-100.0558968997879,"new":{"base":256,"bits":[0,1,2,3,4,5,6,9,10,13,44,45,46,47]},"old":{"base":256,"bits":[1,2,3,4,5,6,9,10,13,43,44,45,46,47]},"round":28,"sweep":1}
{"after":-100.05588873278306,"before":-100.05589526915017,"new":{"base":17472,"bits":[0,1,2,3,4,5,7,8,9,11,12,42,43,46]},"old":{"base":17472,"bits":[0,1,2,3,4,5,7,8,11,12,36,42,43,46]},"round":29,"sweep":1}
{"after":-100.0556331857984,"before":-100.05588873278306,"new":{"base":4096,"bits":[0,2,3,4,5,6,9,10,13,40,44,45,46,47]},"old":{"base":4096,"bits":[0,2,3,4,5,6,9,10,13,40,41,44,46,47]},"round":30,"sweep":1}
{"after":-100.0447401816181,"before":-100.05563318579838,"new":{"base":16448,"bits":[0,1,2,3,4,5,7,8,11,12,38,44,45,46]},"old":{"base":16448,"bits":[0,1,2,3,4,5,7,8,11,12,42,44,45,46]},"round":31,"sweep":1}
{"accepted":28,"after":-100.0447401816181,"before":-100.20599111131168,"sweep":1}
{"after":-100.04473815999323,"before":-100.04474018161807,"new":{"base":17408,"bits":[0,1,3,4,5,7,11,12,40,41,43,44,45,47]},"old":{"base":17408,"bits":[0,1,3,4,5,7,11,38,41,43,44,45,46,47]},"round":5,"sweep":2}
{"after":-100.04473705916709,"before":-100.04473815999324,"new":{"base":16384,"bits":[0,1,3,4,5,7,8,11,12,42,43,44,45,47]},"old":{"base":16384,"bits":[0,1,3,4,5,7,11,12,42,43,44,45,46,47]},"round":7,"sweep":2}
{"after":-100.04473704976377,"before":-100.04473705916708,"new":{"base":16384,"bits":[0,1,2,3,4,5,7,8,11,12,42,43,44,46]},"old":{"base":16384,"bits":[0,1,2,3,4,5,7,8,11,12,42,43,46,47]},"round":9,"sweep":2}
{"accepted":3,"after":-100.04473704976377,"before":-100.04474018161808,"sweep":2}
round=1 log2_max=-2.000000000000 seconds=0.0139
round=2 log2_max=-8.000000000000 seconds=0.0413
round=3 log2_max=-12.000000000000 seconds=0.0639
round=4 log2_max=-16.045803689613 seconds=0.0554
round=5 log2_max=-18.045803689613 seconds=0.0255
round=6 log2_max=-20.983496367587 seconds=0.0171
round=7 log2_max=-22.503700131635 seconds=0.0167
round=8 log2_max=-23.659779513376 seconds=0.0174
round=9 log2_max=-23.659779513376 seconds=0.0204
round=10 log2_max=-25.659770564318 seconds=0.0179
round=11 log2_max=-27.659768789042 seconds=0.0143
round=12 log2_max=-30.852409927510 seconds=0.0142
round=13 log2_max=-32.852409905532 seconds=0.0164
round=14 log2_max=-37.760963917922 seconds=0.0170
round=15 log2_max=-41.245616863433 seconds=0.0174
round=16 log2_max=-45.305295243155 seconds=0.0162
round=17 log2_max=-47.305295243155 seconds=0.0177
round=18 log2_max=-54.106549403112 seconds=0.0171
round=19 log2_max=-58.599257639599 seconds=0.0164
round=20 log2_max=-63.290484409017 seconds=0.0165
round=21 log2_max=-64.277014364536 seconds=0.0174
round=22 log2_max=-67.041526068521 seconds=0.0167
round=23 log2_max=-68.464929167276 seconds=0.0170
round=24 log2_max=-69.609875786961 seconds=0.0174
round=25 log2_max=-69.609875786961 seconds=0.0153
round=26 log2_max=-71.609327957041 seconds=0.0141
round=27 log2_max=-73.609301611236 seconds=0.0171
round=28 log2_max=-76.801918069446 seconds=0.0165
round=29 log2_max=-78.801917600095 seconds=0.0174
round=30 log2_max=-83.710138678665 seconds=0.0169
round=31 log2_max=-87.194714792779 seconds=0.0171
round=32 log2_max=-91.254393089006 seconds=0.0166
round=33 log2_max=-93.254393089006 seconds=0.0178
round=34 log2_max=-100.044737049764 seconds=0.0157
