{"after":-131.69715648429096,"before":-131.69723515847596,"new":{"base":1224979098644774913,"bits":[44,45,48,50,51,52,53,54,55,57,58,59,61,62]},"old":{"base":1224979098644774913,"bits":[38,44,45,48,50,51,52,54,55,57,58,59,61,62]},"round":5,"sweep":1}
{"after":-131.6918582423484,"before":-131.69715648429096,"new":{"base":4611686018427387904,"bits":[42,46,47,48,49,50,52,53,54,55,56,59,60,63]},"old":{"base":4611686018427387904,"bits":[42,43,46,48,49,50,52,53,54,55,56,59,60,63]},"round":6,"sweep":1}
{"after":-131.64094847898144,"before":-131.6918582423484,"new":{"base":0,"bits":[44,45,48,49,50,51,52,53,54,55,56,59,60,63]},"old":{"base":0,"bits":[44,46,48,49,50,51,52,53,54,55,56,59,60,63]},"round":8,"sweep":1}
{"after":-131.63359922798944,"before":-131.64094847898144,"new":{"base":4611686018427387904,"bits":[46,47,48,49,50,51,52,53,54,55,56,59,60,63]},"old":{"base":4611686018427387904,"bits":[44,46,48,49,50,51,52,53,54,55,56,59,60,63]},"round":10,"sweep":1}
{"after":-131.61926797946654,"before":-131.63359922798944,"new":{"base":1224979098644774913,"bits":[44,46,47,48,50,51,52,53,54,55,57,58,61,62]},"old":{"base":1224979098644774913,"bits":[46,47,48,49,50,51,52,53,54,55,57,58,61,62]},"round":11,"sweep":1}
{"after":-131.61926522486868,"before":-131.6192679794665,"new":{"base":1152921504606846977,"bits":[44,47,48,49,50,51,52,53,54,55,57,58,61,62]},"old":{"base":1152921504606846977,"bits":[46,47,48,49,50,51,52,53,54,55,57,58,61,62]},"round":13,"sweep":1}
{"after":-131.6192650220798,"before":-131.61926522486868,"new":{"base":1,"bits":[46,47,48,49,50,51,52,53,54,55,57,58,61,62]},"old":{"base":1,"bits":[44,47,48,49,50,51,52,53,54,55,57,58,61,62]},"round":15,"sweep":1}
{"after":-131.61926386225392,"before":-131.6192650220798,"new":{"base":1,"bits":[46,47,48,49,50,51,52,53,54,55,57,58,61,62]},"old":{"base":1,"bits":[44,46,48,49,50,51,52,53,54,55,57,58,61,62]},"round":17,"sweep":1}
{"after":-131.61914694149772,"before":-131.61926386225392,"new":{"base":4611686018427387904,"bits":[46,48,49,50,51,52,53,54,55,56,57,59,60,63]},"old":{"base":4611686018427387904,"bits":[46,47,48,49,50,51,52,53,54,55,56,59,60,63]},"round":18,"sweep":1}
{"after":-131.6191332970733,"before":-131.61914694149772,"new":{"base":1152921504606846977,"bits":[44,47,48,50,51,52,53,54,55,57,58,59,61,62]},"old":{"base":1152921504606846977,"bits":[44,45,47,48,50,51,52,53,54,55,57,58,61,62]},"round":19,"sweep":1}
{"after":-131.61881061058824,"before":-131.6191332970733,"new":{"base":288230376151711744,"bits":[46,47,48,49,51,52,53,54,55,56,59,60,61,63]},"old":{"base":288230376151711744,"bits":[46,47,48,49,50,51,52,53,54,55,56,59,60,63]},"round":20,"sweep":1}
{"after":-131.61351530442323,"before":-131.61881061058824,"new":{"base":4611686018427387904,"bits":[42,46,47,48,49,50,52,53,54,55,56,59,60,63]},"old":{"base":4611686018427387904,"bits":[42,43,46,48,49,50,52,53,54,55,56,59,60,63]},"round":22,"sweep":1}
{"after":-131.56262682728607,"before":-131.61351530442326,"new":{"base":0,"bits":[44,45,48,49,50,51,52,53,54,55,56,59,60,63]},"old":{"base":0,"bits":[44,46,48,49,50,51,52,53,54,55,56,59,60,63]},"round":24,"sweep":1}
{"after":-131.55527399425728,"before":-131.56262682728604,"new":{"base":4611686018427387904,"bits":[46,47,48,49,50,51,52,53,54,55,56,59,60,63]},"old":{"base":4611686018427387904,"bits":[44,46,48,49,50,51,52,53,54,55,56,59,60,63]},"round":26,"sweep":1}
{"after":-131.54094370209583,"before":-131.55527399425728,"new":{"base":1224979098644774913,"bits":[44,46,47,48,50,51,52,53,54,55,57,58,61,62]},"old":{"base":1224979098644774913,"bits":[46,47,48,49,50,51,52,53,54,55,57,58,61,62]},"round":27,"sweep":1}
{"after":-131.54094082569736,"before":-131.54094370209583,"new":{"base":1152921504606846977,"bits":[44,47,48,49,50,51,52,53,54,55,57,58,61,62]},"old":{"base":1152921504606846977,"bits":[46,47,48,49,50,51,52,53,54,55,57,58,61,62]},"round":29,"sweep":1}
{"after":-131.5409407188074,"before":-131.54094082569736,"new":{"base":1,"bits":[45,47,48,49,50,51,52,53,54,55,57,58,61,62]},"old":{"base":1,"bits":[44,47,48,49,50,51,52,53,54,55,57,58,61,62]},"round":31,"sweep":1}
{"after":-131.54093978966517,"before":-131.5409407188074,"new":{"base":1,"bits":[45,47,48,49,50,51,52,53,54,55,57,58,61,62]},"old":{"base":1,"bits":[44,46,48,49,50,51,52,53,54,55,57,58,61,62]},"round":33,"sweep":1}
{"after":-131.54085286230577,"before":-131.54093978966517,"new":{"base":4611686018427387904,"bits":[46,48,49,50,51,52,53,54,55,56,57,59,60,63]},"old":{"base":4611686018427387904,"bits":[46,47,48,49,50,51,52,53,54,55,56,59,60,63]},"round":34,"sweep":1}
{"after":-131.54084661401723,"before":-131.54085286230577,"new":{"base":1152921504606846977,"bits":[44,47,48,50,51,52,53,54,55,57,58,59,61,62]},"old":{"base":1152921504606846977,"bits":[44,45,47,48,50,51,52,53,54,55,57,58,61,62]},"round":35,"sweep":1}
{"after":-131.54068088810914,"before":-131.54084661401723,"new":{"base":288230376151711744,"bits":[40,46,47,48,49,51,52,53,54,55,56,59,60,63]},"old":{"base":288230376151711744,"bits":[46,47,48,49,50,51,52,53,54,55,56,59,60,63]},"round":36,"sweep":1}
{"after":-131.54053932675225,"before":-131.54068088810914,"new":{"base":1224979098644774913,"bits":[38,44,45,48,50,51,52,54,55,57,58,59,61,62]},"old":{"base":1224979098644774913,"bits":[44,45,48,50,51,52,53,54,55,57,58,59,61,62]},"round":37,"sweep":1}
{"after":-131.53814501082485,"before":-131.54053932675225,"new":{"base":4611686018427387904,"bits":[42,46,47,48,49,50,52,53,54,55,56,59,60,63]},"old":{"base":4611686018427387904,"bits":[42,43,46,48,49,50,52,53,54,55,56,59,60,63]},"round":38,"sweep":1}
{"after":-131.47413953628063,"before":-131.53814501082485,"new":{"base":0,"bits":[44,45,48,49,50,51,52,53,54,55,56,59,60,63]},"old":{"base":0,"bits":[44,46,48,49,50,51,52,53,54,55,56,59,60,63]},"round":40,"sweep":1}
{"after":-131.45953803914182,"before":-131.47413953628063,"new":{"base":72057594037927937,"bits":[44,46,47,48,49,50,51,52,53,54,55,57,58,61]},"old":{"base":72057594037927937,"bits":[46,47,48,49,50,51,52,53,54,55,57,58,61,62]},"round":41,"sweep":1}
{"accepted":25,"after":-131.45953803914182,"before":-131.69723515847596,"sweep":1}
{"accepted":0,"after":-131.45953803914182,"before":-131.4595380391418,"sweep":2}
round=1 log2_max=0.000000000000 seconds=0.0354
round=2 log2_max=-2.000000000000 seconds=0.0119
round=3 log2_max=-4.000000000000 seconds=0.0362
round=4 log2_max=-7.192645077942 seconds=0.0636
round=5 log2_max=-9.192645077942 seconds=0.1335
round=6 log2_max=-14.101209691619 seconds=0.1435
round=7 log2_max=-17.585868101565 seconds=0.0383
round=8 log2_max=-21.645487805205 seconds=0.0172
round=9 log2_max=-23.645487805205 seconds=0.0222
round=10 log2_max=-30.446736927952 seconds=0.0172
round=11 log2_max=-34.939731371771 seconds=0.0119
round=12 log2_max=-39.645120958504 seconds=0.0174
round=13 log2_max=-40.629550675617 seconds=0.0173
round=14 log2_max=-43.358127049257 seconds=0.0173
round=15 log2_max=-44.784097214516 seconds=0.0177
round=16 log2_max=-45.916189317184 seconds=0.0173
round=17 log2_max=-45.916189317184 seconds=0.0152
round=18 log2_max=-47.915479695931 seconds=0.0138
round=19 log2_max=-49.915450611721 seconds=0.0168
round=20 log2_max=-53.108052785039 seconds=0.0174
round=21 log2_max=-55.108052230495 seconds=0.0176
round=22 log2_max=-60.016246114362 seconds=0.0170
round=23 log2_max=-63.500814468024 seconds=0.0173
round=24 log2_max=-67.560455568469 seconds=0.0169
round=25 log2_max=-69.560455568469 seconds=0.0179
round=26 log2_max=-76.361684366374 seconds=0.0166
round=27 log2_max=-80.852086671301 seconds=0.0176
round=28 log2_max=-85.559948654632 seconds=0.0169
round=29 log2_max=-86.544369413563 seconds=0.0124
round=30 log2_max=-89.272674517981 seconds=0.0170
round=31 log2_max=-90.698518438097 seconds=0.0173
round=32 log2_max=-91.830580011812 seconds=0.0173
round=33 log2_max=-91.830580011812 seconds=0.0370
round=34 log2_max=-93.829869737927 seconds=0.0175
round=35 log2_max=-95.829840430328 seconds=0.0176
round=36 log2_max=-99.022442674336 seconds=0.0109
round=37 log2_max=-101.022442111386 seconds=0.0175
round=38 log2_max=-105.930635756662 seconds=0.0165
round=39 log2_max=-109.415203929565 seconds=0.0174
round=40 log2_max=-113.474835682451 seconds=0.0176
round=41 log2_max=-115.474835682451 seconds=0.0151
round=42 log2_max=-122.276062543424 seconds=0.0135
round=43 log2_max=-126.768035031977 seconds=0.0171
round=44 log2_max=-131.459538039142 seconds=0.0174
