{"after":-131.74968149040654,"before":-131.74968149304118,"new":{"base":64,"bits":[0,3,4,47,50,52,53,54,56,57,59,60,61,63]},"old":{"base":64,"bits":[0,3,4,46,50,52,53,54,56,57,59,60,61,63]},"round":3,"sweep":1}
{"after":-131.7496756742957,"before":-131.74968149040654,"new":{"base":0,"bits":[1,2,5,50,52,53,54,55,57,58,59,60,61,62]},"old":{"base":0,"bits":[1,2,5,48,50,52,53,54,55,57,58,59,61,62]},"round":4,"sweep":1}
{"after":-131.7496722973291,"before":-131.74967567429567,"new":{"base":64,"bits":[0,3,4,50,51,52,54,56,57,58,59,60,61,63]},"old":{"base":64,"bits":[0,3,4,50,51,52,54,55,56,57,59,60,61,63]},"round":5,"sweep":1}
{"after":-131.74966605340563,"before":-131.7496722973291,"new":{"base":16,"bits":[1,2,5,52,53,54,55,56,57,58,59,60,61,62]},"old":{"base":16,"bits":[1,2,5,49,52,53,54,55,57,58,59,60,61,62]},"round":6,"sweep":1}
{"after":-131.74961589993617,"before":-131.7496660534056,"new":{"base":1,"bits":[1,2,5,52,53,54,55,56,57,58,59,60,61,62]},"old":{"base":1,"bits":[1,2,5,51,52,53,54,55,57,58,59,60,61,62]},"round":8,"sweep":1}
{"after":-131.74883698732006,"before":-131.74961589993617,"new":{"base":4611686018427387972,"bits":[0,1,3,4,50,51,54,56,57,58,59,60,61,63]},"old":{"base":4611686018427387972,"bits":[0,3,4,50,51,52,54,56,57,58,59,60,61,63]},"round":9,"sweep":1}
{"after":-131.74396655398988,"before":-131.74883698732006,"new":{"base":16,"bits":[1,2,5,48,52,53,54,55,56,58,59,60,61,62]},"old":{"base":16,"bits":[1,2,5,48,49,52,54,55,56,58,59,60,61,62]},"round":10,"sweep":1}
{"after":-131.69061743913338,"before":-131.7439665539899,"new":{"base":0,"bits":[1,2,5,50,51,54,55,56,57,58,59,60,61,62]},"old":{"base":0,"bits":[1,2,5,50,52,54,55,56,57,58,59,60,61,62]},"round":12,"sweep":1}
{"after":-131.66946546850866,"before":-131.69061743913338,"new":{"base":4611686018427387968,"bits":[0,3,50,52,53,54,55,56,57,58,59,60,61,63]},"old":{"base":4611686018427387968,"bits":[0,3,48,52,53,54,55,56,57,58,59,60,61,63]},"round":13,"sweep":1}
{"after":-131.66141271770564,"before":-131.66946546850866,"new":{"base":16,"bits":[1,2,5,52,53,54,55,56,57,58,59,60,61,62]},"old":{"base":16,"bits":[1,2,5,50,52,54,55,56,57,58,59,60,61,62]},"round":14,"sweep":1}
{"after":-131.65818309432268,"before":-131.66141271770567,"new":{"base":4611686018427387972,"bits":[0,3,50,51,52,53,54,56,57,58,59,60,61,63]},"old":{"base":4611686018427387972,"bits":[0,3,50,52,53,54,55,56,57,58,59,60,61,63]},"round":15,"sweep":1}
{"after":-131.6439286271422,"before":-131.65818309432268,"new":{"base":1,"bits":[1,2,5,51,52,54,55,56,57,58,59,60,61,62]},"old":{"base":1,"bits":[1,5,51,52,53,54,55,56,57,58,59,60,61,62]},"round":16,"sweep":1}
{"after":-131.64392835528312,"before":-131.6439286271422,"new":{"base":68,"bits":[0,3,51,52,53,54,55,56,57,58,59,60,61,63]},"old":{"base":68,"bits":[0,3,50,52,53,54,55,56,57,58,59,60,61,63]},"round":17,"sweep":1}
{"after":-131.64384043348068,"before":-131.64392835528312,"new":{"base":16,"bits":[1,2,5,51,53,54,55,56,57,58,59,60,61,62]},"old":{"base":16,"bits":[1,5,51,52,53,54,55,56,57,58,59,60,61,62]},"round":18,"sweep":1}
{"after":-131.64379724981785,"before":-131.64384043348068,"new":{"base":64,"bits":[0,3,4,51,53,54,55,56,57,58,59,60,61,63]},"old":{"base":64,"bits":[0,3,50,52,53,54,55,56,57,58,59,60,61,63]},"round":19,"sweep":1}
{"after":-131.64365795836704,"before":-131.64379724981785,"new":{"base":0,"bits":[1,2,5,52,53,54,55,56,57,58,59,60,61,62]},"old":{"base":0,"bits":[1,5,51,52,53,54,55,56,57,58,59,60,61,62]},"round":20,"sweep":1}
{"after":-131.64363986056637,"before":-131.64365795836702,"new":{"base":64,"bits":[0,3,4,51,53,54,55,56,57,58,59,60,61,63]},"old":{"base":64,"bits":[0,3,4,50,52,53,54,55,56,57,59,60,61,63]},"round":21,"sweep":1}
{"after":-131.64354134688517,"before":-131.6436398605664,"new":{"base":16,"bits":[1,2,5,52,54,55,56,57,58,59,60,61,62,63]},"old":{"base":16,"bits":[1,2,5,52,53,54,55,56,57,58,59,60,61,62]},"round":22,"sweep":1}
{"after":-131.64353327252968,"before":-131.64354134688517,"new":{"base":68,"bits":[0,1,3,4,50,53,54,56,57,58,59,60,61,63]},"old":{"base":68,"bits":[0,3,4,50,51,53,54,56,57,58,59,60,61,63]},"round":23,"sweep":1}
{"after":-131.64345965977412,"before":-131.64353327252968,"new":{"base":1,"bits":[1,2,5,52,53,54,55,56,57,58,59,60,61,62]},"old":{"base":1,"bits":[1,2,5,51,52,53,54,55,57,58,59,60,61,62]},"round":24,"sweep":1}
{"after":-131.64267683363906,"before":-131.64345965977415,"new":{"base":4611686018427387972,"bits":[0,1,3,4,50,51,54,56,57,58,59,60,61,63]},"old":{"base":4611686018427387972,"bits":[0,3,4,50,51,52,54,56,57,58,59,60,61,63]},"round":25,"sweep":1}
{"after":-131.63780525095052,"before":-131.6426768336391,"new":{"base":16,"bits":[1,2,5,48,52,53,54,55,56,58,59,60,61,62]},"old":{"base":16,"bits":[1,2,5,48,49,52,54,55,56,58,59,60,61,62]},"round":26,"sweep":1}
{"after":-131.58446535630023,"before":-131.63780525095052,"new":{"base":0,"bits":[1,2,5,50,51,54,55,56,57,58,59,60,61,62]},"old":{"base":0,"bits":[1,2,5,50,52,54,55,56,57,58,59,60,61,62]},"round":28,"sweep":1}
{"after":-131.56331294780173,"before":-131.58446535630023,"new":{"base":4611686018427387968,"bits":[0,3,50,52,53,54,55,56,57,58,59,60,61,63]},"old":{"base":4611686018427387968,"bits":[0,3,48,52,53,54,55,56,57,58,59,60,61,63]},"round":29,"sweep":1}
{"after":-131.55525966616062,"before":-131.56331294780173,"new":{"base":16,"bits":[1,2,5,52,53,54,55,56,57,58,59,60,61,62]},"old":{"base":16,"bits":[1,2,5,50,52,54,55,56,57,58,59,60,61,62]},"round":30,"sweep":1}
{"after":-131.5520275576525,"before":-131.55525966616062,"new":{"base":4611686018427387972,"bits":[0,3,50,51,52,53,54,56,57,58,59,60,61,63]},"old":{"base":4611686018427387972,"bits":[0,3,50,52,53,54,55,56,57,58,59,60,61,63]},"round":31,"sweep":1}
{"after":-131.5377781850941,"before":-131.5520275576525,"new":{"base":1,"bits":[1,2,5,51,52,54,55,56,57,58,59,60,61,62]},"old":{"base":1,"bits":[1,5,51,52,53,54,55,56,57,58,59,60,61,62]},"round":32,"sweep":1}
{"after":-131.53777792701038,"before":-131.53777818509414,"new":{"base":68,"bits":[0,3,51,52,53,54,55,56,57,58,59,60,61,63]},"old":{"base":68,"bits":[0,3,50,52,53,54,55,56,57,58,59,60,61,63]},"round":33,"sweep":1}
{"after":-131.53769051740713,"before":-131.5377779270104,"new":{"base":16,"bits":[1,2,5,51,53,54,55,56,57,58,59,60,61,62]},"old":{"base":16,"bits":[1,5,51,52,53,54,55,56,57,58,59,60,61,62]},"round":34,"sweep":1}
{"after":-131.5376487785766,"before":-131.5376905174071,"new":{"base":64,"bits":[0,3,4,51,53,54,55,56,57,58,59,60,61,63]},"old":{"base":64,"bits":[0,3,50,52,53,54,55,56,57,58,59,60,61,63]},"round":35,"sweep":1}
{"after":-131.5375629297667,"before":-131.5376487785766,"new":{"base":0,"bits":[1,2,5,52,53,54,55,56,57,58,59,60,61,62]},"old":{"base":0,"bits":[1,5,51,52,53,54,55,56,57,58,59,60,61,62]},"round":36,"sweep":1}
{"after":-131.53755313934124,"before":-131.5375629297667,"new":{"base":64,"bits":[0,3,4,51,53,54,55,56,57,58,59,60,61,63]},"old":{"base":64,"bits":[0,3,4,50,52,53,54,55,56,57,59,60,61,63]},"round":37,"sweep":1}
{"after":-131.53749902803597,"before":-131.53755313934124,"new":{"base":16,"bits":[1,2,5,52,54,55,56,57,58,59,60,61,62,63]},"old":{"base":16,"bits":[1,2,5,52,53,54,55,56,57,58,59,60,61,62]},"round":38,"sweep":1}
{"after":-131.53749547683825,"before":-131.53749902803597,"new":{"base":68,"bits":[0,1,3,4,50,53,54,56,57,58,59,60,61,63]},"old":{"base":68,"bits":[0,3,4,50,51,53,54,56,57,58,59,60,61,63]},"round":39,"sweep":1}
{"after":-131.5374937873051,"before":-131.53749547683825,"new":{"base":1,"bits":[1,2,5,52,53,54,55,56,57,58,59,60,61,62]},"old":{"base":1,"bits":[1,2,5,51,52,53,54,55,57,58,59,60,61,62]},"round":40,"sweep":1}
{"after":-131.53748012463348,"before":-131.5374937873051,"new":{"base":4611686018427387972,"bits":[0,1,3,4,50,51,54,56,57,58,59,60,61,63]},"old":{"base":4611686018427387972,"bits":[0,3,4,50,51,52,54,56,57,58,59,60,61,63]},"round":41,"sweep":1}
{"after":-131.5372245773277,"before":-131.53748012463348,"new":{"base":16,"bits":[1,2,5,48,52,53,54,55,56,58,59,60,61,62]},"old":{"base":16,"bits":[1,2,5,48,49,52,54,55,56,58,59,60,61,62]},"round":42,"sweep":1}
{"after":-131.52633157286374,"before":-131.5372245773277,"new":{"base":4611686018427387968,"bits":[0,3,4,46,52,53,54,56,57,58,59,60,61,63]},"old":{"base":4611686018427387968,"bits":[0,3,4,50,52,53,54,56,57,58,59,60,61,63]},"round":43,"sweep":1}
{"accepted":38,"after":-131.52633157286374,"before":-131.74968149304115,"sweep":1}
{"after":-131.5263315348315,"before":-131.52633157286377,"new":{"base":0,"bits":[1,2,5,51,52,53,55,56,57,58,59,60,61,62]},"old":{"base":0,"bits":[1,2,5,52,53,54,55,56,57,58,59,60,61,62]},"round":20,"sweep":2}
{"after":-131.52630937573406,"before":-131.5263315348315,"new":{"base":64,"bits":[0,1,3,4,50,54,55,56,57,58,59,60,61,63]},"old":{"base":64,"bits":[0,3,4,51,53,54,55,56,57,58,59,60,61,63]},"round":21,"sweep":2}
{"after":-131.52630781618763,"before":-131.52630937573406,"new":{"base":16,"bits":[1,2,5,52,53,54,55,56,58,59,60,61,62,63]},"old":{"base":16,"bits":[1,2,5,52,54,55,56,57,58,59,60,61,62,63]},"round":22,"sweep":2}
{"after":-131.52618101643395,"before":-131.52630781618763,"new":{"base":1,"bits":[1,2,3,5,51,52,53,55,57,58,59,60,61,62]},"old":{"base":1,"bits":[1,2,5,52,53,54,55,56,57,58,59,60,61,62]},"round":24,"sweep":2}
{"accepted":4,"after":-131.52618101643395,"before":-131.52633157286377,"sweep":2}
round=1 log2_max=-2.000000000000 seconds=0.0985
round=2 log2_max=-6.000000000000 seconds=0.0876
round=3 log2_max=-8.000000000000 seconds=0.0487
round=4 log2_max=-9.192645077942 seconds=0.0511
round=5 log2_max=-9.192645077942 seconds=0.0238
round=6 log2_max=-11.192645077942 seconds=0.0178
round=7 log2_max=-13.192645077942 seconds=0.0169
round=8 log2_max=-16.385288960152 seconds=0.0133
round=9 log2_max=-18.385288960152 seconds=0.0149
round=10 log2_max=-23.293844711056 seconds=0.0168
round=11 log2_max=-26.778498372510 seconds=0.0176
round=12 log2_max=-30.838177003602 seconds=0.0168
round=13 log2_max=-32.838177003602 seconds=0.0174
round=14 log2_max=-39.639431277475 seconds=0.0172
round=15 log2_max=-44.132161899461 seconds=0.0171
round=16 log2_max=-48.823367446568 seconds=0.0172
round=17 log2_max=-49.809897273004 seconds=0.0173
round=18 log2_max=-52.574409985293 seconds=0.0167
round=19 log2_max=-53.997813703047 seconds=0.0177
round=20 log2_max=-55.142760428937 seconds=0.0172
round=21 log2_max=-55.142760428937 seconds=0.0180
round=22 log2_max=-57.142212254603 seconds=0.0173
round=23 log2_max=-59.142185297498 seconds=0.0116
round=24 log2_max=-62.334801752886 seconds=0.0170
round=25 log2_max=-64.334801350366 seconds=0.0168
round=26 log2_max=-69.243016335773 seconds=0.0172
round=27 log2_max=-72.727585991029 seconds=0.0174
round=28 log2_max=-76.787235238974 seconds=0.0171
round=29 log2_max=-78.787235238974 seconds=0.0179
round=30 log2_max=-85.588466015874 seconds=0.0139
round=31 log2_max=-90.079439008370 seconds=0.0157
round=32 log2_max=-94.772169750870 seconds=0.0171
round=33 log2_max=-95.758700912532 seconds=0.0175
round=34 log2_max=-98.523065428617 seconds=0.0171
round=35 log2_max=-99.946386133795 seconds=0.0171
round=36 log2_max=-101.091322074421 seconds=0.0134
round=37 log2_max=-101.091322074421 seconds=0.0172
round=38 log2_max=-103.090773631530 seconds=0.0174
round=39 log2_max=-105.090746652151 seconds=0.0171
round=40 log2_max=-108.283362792753 seconds=0.0170
round=41 log2_max=-110.283362262315 seconds=0.0174
round=42 log2_max=-115.191582937813 seconds=0.0166
round=43 log2_max=-118.676158789401 seconds=0.0173
round=44 log2_max=-122.735837082608 seconds=0.0169
round=45 log2_max=-124.735837082608 seconds=0.0216
round=46 log2_max=-131.526181016434 seconds=0.0174
