{"after":-65.51745041617721,"before":-65.52087429014163,"new":{"base":1,"bits":[2,3,6,7,8,9,10,12,13,14,15,16,20,31]},"old":{"base":1,"bits":[2,3,6,7,8,9,10,12,13,14,16,19,20,31]},"round":8,"sweep":1}
{"after":-65.45736077529243,"before":-65.51745041617721,"new":{"base":0,"bits":[2,3,6,7,8,9,10,11,12,13,14,17,18,31]},"old":{"base":0,"bits":[2,3,6,7,8,9,10,11,12,13,14,16,18,31]},"round":10,"sweep":1}
{"after":-65.43887360421076,"before":-65.45736077529243,"new":{"base":1073741888,"bits":[1,4,5,7,8,9,10,11,12,13,14,15,16,18]},"old":{"base":1073741888,"bits":[1,4,5,7,8,9,10,11,12,13,14,15,16,20]},"round":11,"sweep":1}
{"after":-65.43302337429822,"before":-65.43887360421076,"new":{"base":1,"bits":[2,3,6,7,8,9,10,11,12,13,14,15,16,31]},"old":{"base":1,"bits":[2,3,6,7,8,9,10,11,12,13,14,16,18,31]},"round":12,"sweep":1}
{"after":-65.41720339947815,"before":-65.43302337429822,"new":{"base":1073741892,"bits":[1,4,5,7,8,9,10,11,12,14,15,16,17,18]},"old":{"base":1073741892,"bits":[1,4,5,7,8,9,10,11,12,13,14,15,16,20]},"round":13,"sweep":1}
{"after":-65.38134904322993,"before":-65.41720339947815,"new":{"base":16,"bits":[2,3,6,7,8,9,10,11,12,13,14,16,18,31]},"old":{"base":16,"bits":[3,6,7,8,9,10,11,12,13,14,17,18,22,31]},"round":14,"sweep":1}
{"after":-65.38134523339153,"before":-65.38134904322993,"new":{"base":1073741828,"bits":[1,4,5,7,8,9,10,11,12,13,14,15,16,18]},"old":{"base":1073741828,"bits":[1,4,5,7,8,9,10,11,12,13,14,15,16,20]},"round":15,"sweep":1}
{"after":-65.38127796163819,"before":-65.38134523339153,"new":{"base":1,"bits":[2,3,6,7,8,9,10,11,12,13,14,16,18,31]},"old":{"base":1,"bits":[3,6,7,8,9,10,11,12,13,14,17,18,22,31]},"round":16,"sweep":1}
{"after":-65.38127774576643,"before":-65.38127796163819,"new":{"base":1073741824,"bits":[1,4,5,7,8,9,10,11,12,13,14,15,16,18]},"old":{"base":1073741824,"bits":[1,4,5,7,8,9,10,11,12,13,14,15,16,20]},"round":17,"sweep":1}
{"after":-65.38123582442236,"before":-65.38127774576643,"new":{"base":0,"bits":[2,3,6,7,8,9,10,11,12,13,14,15,16,31]},"old":{"base":0,"bits":[3,6,7,8,9,10,11,12,13,14,16,17,18,31]},"round":18,"sweep":1}
{"accepted":10,"after":-65.38123582442235,"before":-65.52087429014163,"sweep":1}
{"after":-65.38122555888124,"before":-65.38123582442235,"new":{"base":1073741892,"bits":[0,1,3,4,5,7,8,9,10,11,12,14,17,18]},"old":{"base":1073741892,"bits":[0,1,3,4,5,7,8,10,11,12,14,17,18,24]},"round":7,"sweep":2}
{"accepted":1,"after":-65.38122555888125,"before":-65.38123582442236,"sweep":2}
round=1 log2_max=-2.000000000000 seconds=0.1041
round=2 log2_max=-4.000000000000 seconds=0.0384
round=3 log2_max=-4.000000000000 seconds=0.0547
round=4 log2_max=-6.000000000000 seconds=0.1646
round=5 log2_max=-8.000000000000 seconds=0.0227
round=6 log2_max=-11.299560281859 seconds=0.0323
round=7 log2_max=-13.299560281859 seconds=0.0214
round=8 log2_max=-18.375211682254 seconds=0.0162
round=9 log2_max=-21.975246891869 seconds=0.0507
round=10 log2_max=-26.165041544598 seconds=0.0167
round=11 log2_max=-28.165041544598 seconds=0.0273
round=12 log2_max=-35.018443079047 seconds=0.0165
round=13 log2_max=-39.648860396245 seconds=0.0171
round=14 log2_max=-44.013578859130 seconds=0.0091
round=15 log2_max=-45.300016450053 seconds=0.0116
round=16 log2_max=-48.224415938954 seconds=0.0103
round=17 log2_max=-49.750026588346 seconds=0.0127
round=18 log2_max=-51.007049755991 seconds=0.0153
round=19 log2_max=-51.007049755991 seconds=0.0169
round=20 log2_max=-53.006630133242 seconds=0.0166
round=21 log2_max=-55.006613614572 seconds=0.0067
round=22 log2_max=-58.306164799571 seconds=0.0111
round=23 log2_max=-60.306164370267 seconds=0.0083
round=24 log2_max=-65.381225558881 seconds=0.0052
