{"after":-64.16027496713025,"before":-64.16027851638684,"new":{"base":1,"bits":[1,16,17,18,19,20,22,23,24,25,26,27,29,30]},"old":{"base":1,"bits":[1,13,16,18,19,20,22,23,24,25,26,27,29,30]},"round":4,"sweep":1}
{"after":-64.16027342086883,"before":-64.16027496713025,"new":{"base":1073741828,"bits":[0,14,15,16,18,20,21,22,23,24,25,27,28,31]},"old":{"base":1073741828,"bits":[0,14,16,17,18,20,21,22,23,24,25,27,28,31]},"round":5,"sweep":1}
{"after":-64.16007492773409,"before":-64.16027342086883,"new":{"base":268435456,"bits":[1,16,17,18,19,21,22,23,24,25,26,29,30,31]},"old":{"base":268435456,"bits":[1,16,17,18,19,20,21,22,23,24,25,26,29,30]},"round":6,"sweep":1}
{"after":-64.15515714082855,"before":-64.1600749277341,"new":{"base":1,"bits":[1,12,16,17,18,19,20,22,23,24,25,26,29,30]},"old":{"base":1,"bits":[1,12,13,16,18,19,20,22,23,24,25,26,29,30]},"round":8,"sweep":1}
{"after":-64.10210735758174,"before":-64.15515714082854,"new":{"base":0,"bits":[1,14,15,18,19,20,21,22,23,24,25,26,29,30]},"old":{"base":0,"bits":[1,14,16,18,19,20,21,22,23,24,25,26,29,30]},"round":10,"sweep":1}
{"after":-64.0816280271321,"before":-64.10210735758173,"new":{"base":67108868,"bits":[14,16,17,18,19,20,21,22,23,24,25,27,28,31]},"old":{"base":67108868,"bits":[12,16,17,18,19,20,21,22,23,24,25,27,28,31]},"round":11,"sweep":1}
{"after":-64.07387878038585,"before":-64.0816280271321,"new":{"base":1,"bits":[1,16,17,18,19,20,21,22,23,24,25,26,29,30]},"old":{"base":1,"bits":[1,14,16,18,19,20,21,22,23,24,25,26,29,30]},"round":12,"sweep":1}
{"after":-64.05881943429364,"before":-64.07387878038585,"new":{"base":1140850692,"bits":[14,15,16,17,18,20,21,22,23,24,25,27,28,31]},"old":{"base":1140850692,"bits":[12,16,17,18,19,20,21,22,23,24,25,27,28,31]},"round":13,"sweep":1}
{"after":-64.04740249093913,"before":-64.05881943429364,"new":{"base":268435456,"bits":[1,16,17,18,19,20,21,22,23,24,25,26,29,30]},"old":{"base":268435456,"bits":[1,14,17,18,19,20,21,22,23,24,25,26,29,30]},"round":14,"sweep":1}
{"after":-64.04739804815998,"before":-64.04740249093913,"new":{"base":1073741828,"bits":[14,15,17,18,19,20,21,22,23,24,25,27,28,31]},"old":{"base":1073741828,"bits":[15,16,17,18,19,20,21,22,23,24,25,27,28,31]},"round":15,"sweep":1}
{"after":-64.04738773850625,"before":-64.04739804815998,"new":{"base":1,"bits":[1,16,17,18,19,20,21,22,23,24,25,26,29,30]},"old":{"base":1,"bits":[1,14,17,18,19,20,21,22,23,24,25,26,29,30]},"round":16,"sweep":1}
{"after":-64.04731893063574,"before":-64.04738773850623,"new":{"base":4,"bits":[0,14,17,18,19,20,21,22,23,24,25,27,28,31]},"old":{"base":4,"bits":[15,16,17,18,19,20,21,22,23,24,25,27,28,31]},"round":17,"sweep":1}
{"after":-64.047275574468,"before":-64.04731893063574,"new":{"base":1,"bits":[1,16,18,19,20,21,22,23,24,25,26,27,29,30]},"old":{"base":1,"bits":[1,16,17,18,19,20,21,22,23,24,25,26,29,30]},"round":20,"sweep":1}
{"accepted":13,"after":-64.047275574468,"before":-64.16027851638684,"sweep":1}
{"after":-64.04727556828844,"before":-64.047275574468,"new":{"base":1,"bits":[1,13,16,17,18,19,20,22,23,24,25,26,29,30]},"old":{"base":1,"bits":[1,16,17,18,19,20,22,23,24,25,26,27,29,30]},"round":4,"sweep":2}
{"accepted":1,"after":-64.04727556828844,"before":-64.047275574468,"sweep":2}
round=1 log2_max=-2.000000000000 seconds=0.0263
round=2 log2_max=-4.000000000000 seconds=0.0288
round=3 log2_max=-4.000000000000 seconds=0.0250
round=4 log2_max=-6.000000000000 seconds=0.0555
round=5 log2_max=-8.000000000000 seconds=0.0147
round=6 log2_max=-11.192645077942 seconds=0.0165
round=7 log2_max=-13.192645077942 seconds=0.0165
round=8 log2_max=-18.101209691619 seconds=0.0154
round=9 log2_max=-21.585866688461 seconds=0.0166
round=10 log2_max=-25.645511312119 seconds=0.0168
round=11 log2_max=-27.645511312119 seconds=0.0190
round=12 log2_max=-34.446758877525 seconds=0.0119
round=13 log2_max=-38.937776422995 seconds=0.0169
round=14 log2_max=-43.630631270651 seconds=0.0172
round=15 log2_max=-44.617169839975 seconds=0.0167
round=16 log2_max=-47.381636318149 seconds=0.0171
round=17 log2_max=-48.805014535792 seconds=0.0171
round=18 log2_max=-49.947049302013 seconds=0.0115
round=19 log2_max=-49.947049302013 seconds=0.0178
round=20 log2_max=-51.946463403065 seconds=0.0170
round=21 log2_max=-53.946439843105 seconds=0.0130
round=22 log2_max=-57.139055961489 seconds=0.0150
round=23 log2_max=-59.139055408882 seconds=0.0171
round=24 log2_max=-64.047275568288 seconds=0.0161
