{"after":-131.06020816793836,"before":-131.06021171786895,"new":{"base":1,"bits":[1,48,49,50,51,52,54,55,56,57,58,59,61,62]},"old":{"base":1,"bits":[1,45,48,50,51,52,54,55,56,57,58,59,61,62]},"round":4,"sweep":1}
{"after":-131.06020662198756,"before":-131.06020816793836,"new":{"base":4611686018427387908,"bits":[0,46,47,48,50,52,53,54,55,56,57,59,60,63]},"old":{"base":4611686018427387908,"bits":[0,46,48,49,50,52,53,54,55,56,57,59,60,63]},"round":5,"sweep":1}
{"after":-131.060008071377,"before":-131.06020662198756,"new":{"base":1152921504606846976,"bits":[1,48,49,50,51,53,54,55,56,57,58,61,62,63]},"old":{"base":1152921504606846976,"bits":[1,48,49,50,51,52,53,54,55,56,57,58,61,62]},"round":6,"sweep":1}
{"after":-131.05508985199282,"before":-131.060008071377,"new":{"base":1,"bits":[1,44,48,49,50,51,52,54,55,56,57,58,61,62]},"old":{"base":1,"bits":[1,44,45,48,50,51,52,54,55,56,57,58,61,62]},"round":8,"sweep":1}
{"after":-131.00204666603264,"before":-131.05508985199282,"new":{"base":0,"bits":[1,46,47,50,51,52,53,54,55,56,57,58,61,62]},"old":{"base":0,"bits":[1,46,48,50,51,52,53,54,55,56,57,58,61,62]},"round":10,"sweep":1}
{"after":-130.98156756265348,"before":-131.00204666603264,"new":{"base":288230376151711748,"bits":[46,48,49,50,51,52,53,54,55,56,57,59,60,63]},"old":{"base":288230376151711748,"bits":[44,48,49,50,51,52,53,54,55,56,57,59,60,63]},"round":11,"sweep":1}
{"after":-130.9738167389016,"before":-130.98156756265348,"new":{"base":1,"bits":[1,48,49,50,51,52,53,54,55,56,57,58,61,62]},"old":{"base":1,"bits":[1,46,48,50,51,52,53,54,55,56,57,58,61,62]},"round":12,"sweep":1}
{"after":-130.958753747556,"before":-130.9738167389016,"new":{"base":4899916394579099652,"bits":[46,47,48,49,50,52,53,54,55,56,57,59,60,63]},"old":{"base":4899916394579099652,"bits":[44,48,49,50,51,52,53,54,55,56,57,59,60,63]},"round":13,"sweep":1}
{"after":-130.9473294184777,"before":-130.95875374755596,"new":{"base":1152921504606846976,"bits":[1,48,49,50,51,52,53,54,55,56,57,58,61,62]},"old":{"base":1152921504606846976,"bits":[1,46,49,50,51,52,53,54,55,56,57,58,61,62]},"round":14,"sweep":1}
{"after":-130.94732509266439,"before":-130.94732941847772,"new":{"base":4611686018427387908,"bits":[46,47,49,50,51,52,53,54,55,56,57,59,60,63]},"old":{"base":4611686018427387908,"bits":[47,48,49,50,51,52,53,54,55,56,57,59,60,63]},"round":15,"sweep":1}
{"after":-130.94731485318073,"before":-130.94732509266439,"new":{"base":1,"bits":[1,48,49,50,51,52,53,54,55,56,57,58,61,62]},"old":{"base":1,"bits":[1,46,49,50,51,52,53,54,55,56,57,58,61,62]},"round":16,"sweep":1}
{"after":-130.94722314459955,"before":-130.94731485318073,"new":{"base":4,"bits":[0,46,49,50,51,52,53,54,55,56,57,59,60,63]},"old":{"base":4,"bits":[47,48,49,50,51,52,53,54,55,56,57,59,60,63]},"round":17,"sweep":1}
{"after":-130.94722312912447,"before":-130.94722314459955,"new":{"base":4,"bits":[0,48,49,50,51,52,53,54,55,56,57,59,60,63]},"old":{"base":4,"bits":[0,46,49,50,51,52,53,54,55,56,57,59,60,63]},"round":19,"sweep":1}
{"after":-130.94711934199307,"before":-130.94722312912447,"new":{"base":1,"bits":[1,48,50,51,52,53,54,55,56,57,58,59,61,62]},"old":{"base":1,"bits":[1,48,49,50,51,52,53,54,55,56,57,58,61,62]},"round":20,"sweep":1}
{"after":-130.94710843117952,"before":-130.94711934199304,"new":{"base":4611686018427387908,"bits":[0,46,49,50,52,53,54,55,56,57,59,60,61,63]},"old":{"base":4611686018427387908,"bits":[0,46,47,49,50,52,53,54,55,56,57,59,60,63]},"round":21,"sweep":1}
{"after":-130.94693492505428,"before":-130.94710843117954,"new":{"base":1152921504606846976,"bits":[1,48,49,50,51,53,54,55,56,57,58,61,62,63]},"old":{"base":1152921504606846976,"bits":[1,48,49,50,51,52,53,54,55,56,57,58,61,62]},"round":22,"sweep":1}
{"after":-130.94201569946722,"before":-130.94693492505428,"new":{"base":1,"bits":[1,44,48,49,50,51,52,54,55,56,57,58,61,62]},"old":{"base":1,"bits":[1,44,45,48,50,51,52,54,55,56,57,58,61,62]},"round":24,"sweep":1}
{"after":-130.88898686228282,"before":-130.94201569946722,"new":{"base":0,"bits":[1,46,47,50,51,52,53,54,55,56,57,58,61,62]},"old":{"base":0,"bits":[1,46,48,50,51,52,53,54,55,56,57,58,61,62]},"round":26,"sweep":1}
{"after":-130.86850758802527,"before":-130.88898686228282,"new":{"base":288230376151711748,"bits":[46,48,49,50,51,52,53,54,55,56,57,59,60,63]},"old":{"base":288230376151711748,"bits":[44,48,49,50,51,52,53,54,55,56,57,59,60,63]},"round":27,"sweep":1}
{"after":-130.86075503217342,"before":-130.86850758802527,"new":{"base":1,"bits":[1,48,49,50,51,52,53,54,55,56,57,58,61,62]},"old":{"base":1,"bits":[1,46,48,50,51,52,53,54,55,56,57,58,61,62]},"round":28,"sweep":1}
{"after":-130.8456946229026,"before":-130.86075503217342,"new":{"base":4899916394579099652,"bits":[46,47,48,49,50,52,53,54,55,56,57,59,60,63]},"old":{"base":4899916394579099652,"bits":[44,48,49,50,51,52,53,54,55,56,57,59,60,63]},"round":29,"sweep":1}
{"after":-130.83426832880323,"before":-130.8456946229026,"new":{"base":1152921504606846976,"bits":[1,48,49,50,51,52,53,54,55,56,57,58,61,62]},"old":{"base":1152921504606846976,"bits":[1,46,49,50,51,52,53,54,55,56,57,58,61,62]},"round":30,"sweep":1}
{"after":-130.82882223873128,"before":-130.83426832880323,"new":{"base":4611686018427387908,"bits":[0,48,49,50,51,52,53,54,55,56,57,59,60,63]},"old":{"base":4611686018427387908,"bits":[47,48,49,50,51,52,53,54,55,56,57,59,60,63]},"round":31,"sweep":1}
{"after":-130.82881563884578,"before":-130.82882223873128,"new":{"base":1,"bits":[1,48,49,50,51,52,53,54,55,56,57,58,61,62]},"old":{"base":1,"bits":[1,46,49,50,51,52,53,54,55,56,57,58,61,62]},"round":32,"sweep":1}
{"after":-130.82854871738516,"before":-130.82881563884578,"new":{"base":4,"bits":[0,48,49,50,51,52,53,54,55,56,57,59,60,63]},"old":{"base":4,"bits":[47,48,49,50,51,52,53,54,55,56,57,59,60,63]},"round":33,"sweep":1}
{"after":-130.82854788096284,"before":-130.82854871738513,"new":{"base":4,"bits":[0,47,49,50,51,52,53,54,55,56,57,59,60,63]},"old":{"base":4,"bits":[0,46,49,50,51,52,53,54,55,56,57,59,60,63]},"round":35,"sweep":1}
{"after":-130.82840949492,"before":-130.82854788096284,"new":{"base":1,"bits":[1,48,50,51,52,53,54,55,56,57,58,59,61,62]},"old":{"base":1,"bits":[1,48,49,50,51,52,53,54,55,56,57,58,61,62]},"round":36,"sweep":1}
{"after":-130.82829353179494,"before":-130.82840949492,"new":{"base":4611686018427387908,"bits":[0,46,48,49,50,52,53,54,55,56,57,59,60,63]},"old":{"base":4611686018427387908,"bits":[0,46,47,49,50,52,53,54,55,56,57,59,60,63]},"round":37,"sweep":1}
{"after":-130.82647169394164,"before":-130.82829353179494,"new":{"base":1152921504606846976,"bits":[1,48,49,50,51,53,54,55,56,57,58,61,62,63]},"old":{"base":1152921504606846976,"bits":[1,48,49,50,51,52,53,54,55,56,57,58,61,62]},"round":38,"sweep":1}
{"after":-130.82153001258615,"before":-130.82647169394164,"new":{"base":1,"bits":[1,44,48,49,50,51,52,54,55,56,57,58,61,62]},"old":{"base":1,"bits":[1,44,45,48,50,51,52,54,55,56,57,58,61,62]},"round":40,"sweep":1}
{"accepted":30,"after":-130.82153001258615,"before":-131.06021171786895,"sweep":1}
{"after":-130.8215300064209,"before":-130.82153001258615,"new":{"base":1,"bits":[1,45,48,49,50,51,52,54,55,56,57,58,61,62]},"old":{"base":1,"bits":[1,48,49,50,51,52,54,55,56,57,58,59,61,62]},"round":4,"sweep":2}
{"after":-130.8215294462488,"before":-130.82153000642086,"new":{"base":4,"bits":[0,46,48,50,51,52,53,54,55,56,57,59,60,63]},"old":{"base":4,"bits":[0,47,49,50,51,52,53,54,55,56,57,59,60,63]},"round":35,"sweep":2}
{"accepted":2,"after":-130.8215294462488,"before":-130.82153001258615,"sweep":2}
round=1 log2_max=-2.000000000000 seconds=0.0517
round=2 log2_max=-4.000000000000 seconds=0.1094
round=3 log2_max=-4.000000000000 seconds=0.0728
round=4 log2_max=-6.000000000000 seconds=0.0523
round=5 log2_max=-8.000000000000 seconds=0.0398
round=6 log2_max=-11.192645077942 seconds=0.0134
round=7 log2_max=-13.192645077942 seconds=0.0175
round=8 log2_max=-18.101209691619 seconds=0.0157
round=9 log2_max=-21.585866688461 seconds=0.0205
round=10 log2_max=-25.645511312119 seconds=0.0119
round=11 log2_max=-27.645511312119 seconds=0.0193
round=12 log2_max=-34.446758877525 seconds=0.0175
round=13 log2_max=-38.937776422995 seconds=0.0117
round=14 log2_max=-43.630631270651 seconds=0.0141
round=15 log2_max=-44.617169839975 seconds=0.0105
round=16 log2_max=-47.381636318149 seconds=0.0138
round=17 log2_max=-48.805014535792 seconds=0.0098
round=18 log2_max=-49.947049302013 seconds=0.0178
round=19 log2_max=-49.947049302013 seconds=0.0323
round=20 log2_max=-51.946463403065 seconds=0.0103
round=21 log2_max=-53.946439843105 seconds=0.0172
round=22 log2_max=-57.139056124941 seconds=0.0136
round=23 log2_max=-59.139055572935 seconds=0.0152
round=24 log2_max=-64.047275688693 seconds=0.0146
round=25 log2_max=-67.531851605102 seconds=0.0145
round=26 log2_max=-71.591493489204 seconds=0.0169
round=27 log2_max=-73.591493489204 seconds=0.0178
round=28 log2_max=-80.392723674018 seconds=0.0152
round=29 log2_max=-84.883219707600 seconds=0.0141
round=30 log2_max=-89.576417250110 seconds=0.0172
round=31 log2_max=-90.562947762372 seconds=0.0139
round=32 log2_max=-93.327303947641 seconds=0.0168
round=33 log2_max=-94.750622162543 seconds=0.0099
round=34 log2_max=-95.887226186440 seconds=0.0174
round=35 log2_max=-95.887226186440 seconds=0.0177
round=36 log2_max=-97.886606630132 seconds=0.0136
round=37 log2_max=-99.886580614757 seconds=0.0163
round=38 log2_max=-103.079191456652 seconds=0.0141
round=39 log2_max=-105.079191117519 seconds=0.0142
round=40 log2_max=-109.987406060215 seconds=0.0102
round=41 log2_max=-113.471984028934 seconds=0.0180
round=42 log2_max=-117.531625147262 seconds=0.0168
round=43 log2_max=-119.531625147262 seconds=0.0389
round=44 log2_max=-126.332855305262 seconds=0.0118
round=45 log2_max=-130.821529446249 seconds=0.0177
