{"after":-99.17866012385944,"before":-99.17873879800443,"new":{"base":18691697672193,"bits":[28,29,32,34,35,36,37,38,39,41,42,43,45,46]},"old":{"base":18691697672193,"bits":[22,28,29,32,34,35,36,38,39,41,42,43,45,46]},"round":5,"sweep":1}
{"after":-99.1733618823475,"before":-99.17866012385946,"new":{"base":70368744177664,"bits":[26,30,31,32,33,34,36,37,38,39,40,43,44,47]},"old":{"base":70368744177664,"bits":[26,27,30,32,33,34,36,37,38,39,40,43,44,47]},"round":6,"sweep":1}
{"after":-99.12245211308903,"before":-99.1733618823475,"new":{"base":0,"bits":[28,29,32,33,34,35,36,37,38,39,40,43,44,47]},"old":{"base":0,"bits":[28,30,32,33,34,35,36,37,38,39,40,43,44,47]},"round":8,"sweep":1}
{"after":-99.1151028630919,"before":-99.12245211308903,"new":{"base":70368744177664,"bits":[30,31,32,33,34,35,36,37,38,39,40,43,44,47]},"old":{"base":70368744177664,"bits":[28,30,32,33,34,35,36,37,38,39,40,43,44,47]},"round":10,"sweep":1}
{"after":-99.1007716184731,"before":-99.1151028630919,"new":{"base":18691697672193,"bits":[28,30,31,32,34,35,36,37,38,39,41,42,45,46]},"old":{"base":18691697672193,"bits":[30,31,32,33,34,35,36,37,38,39,41,42,45,46]},"round":11,"sweep":1}
{"after":-99.10076886377952,"before":-99.10077161847309,"new":{"base":17592186044417,"bits":[28,31,32,33,34,35,36,37,38,39,41,42,45,46]},"old":{"base":17592186044417,"bits":[30,31,32,33,34,35,36,37,38,39,41,42,45,46]},"round":13,"sweep":1}
{"after":-99.1007686610597,"before":-99.10076886377952,"new":{"base":1,"bits":[30,31,32,33,34,35,36,37,38,39,41,42,45,46]},"old":{"base":1,"bits":[28,31,32,33,34,35,36,37,38,39,41,42,45,46]},"round":15,"sweep":1}
{"after":-99.10076750150478,"before":-99.1007686610597,"new":{"base":1,"bits":[30,31,32,33,34,35,36,37,38,39,41,42,45,46]},"old":{"base":1,"bits":[28,30,32,33,34,35,36,37,38,39,41,42,45,46]},"round":17,"sweep":1}
{"after":-99.10065063406722,"before":-99.10076750150478,"new":{"base":70368744177664,"bits":[30,32,33,34,35,36,37,38,39,40,41,43,44,47]},"old":{"base":70368744177664,"bits":[30,31,32,33,34,35,36,37,38,39,40,43,44,47]},"round":18,"sweep":1}
{"after":-99.10063699696039,"before":-99.10065063406724,"new":{"base":17592186044417,"bits":[28,31,32,34,35,36,37,38,39,41,42,43,45,46]},"old":{"base":17592186044417,"bits":[28,29,31,32,34,35,36,37,38,39,41,42,45,46]},"round":19,"sweep":1}
{"after":-99.10031448124869,"before":-99.10063699696039,"new":{"base":4398046511104,"bits":[30,31,32,33,35,36,37,38,39,40,43,44,45,47]},"old":{"base":4398046511104,"bits":[30,31,32,33,34,35,36,37,38,39,40,43,44,47]},"round":20,"sweep":1}
{"after":-99.09501994676249,"before":-99.1003144812487,"new":{"base":70368744177664,"bits":[26,30,31,32,33,34,36,37,38,39,40,43,44,47]},"old":{"base":70368744177664,"bits":[26,27,30,32,33,34,36,37,38,39,40,43,44,47]},"round":22,"sweep":1}
{"after":-99.0441212685096,"before":-99.09501994676249,"new":{"base":0,"bits":[28,29,32,33,34,35,36,37,38,39,40,43,44,47]},"old":{"base":0,"bits":[28,30,32,33,34,35,36,37,38,39,40,43,44,47]},"round":24,"sweep":1}
{"after":-99.03677017558755,"before":-99.0441212685096,"new":{"base":70368744177664,"bits":[30,31,32,33,34,35,36,37,38,39,40,43,44,47]},"old":{"base":70368744177664,"bits":[28,30,32,33,34,35,36,37,38,39,40,43,44,47]},"round":26,"sweep":1}
{"after":-99.02244574877028,"before":-99.03677017558755,"new":{"base":18691697672193,"bits":[28,30,31,32,34,35,36,37,38,39,41,42,45,46]},"old":{"base":18691697672193,"bits":[30,31,32,33,34,35,36,37,38,39,41,42,45,46]},"round":27,"sweep":1}
{"after":-99.02244264034671,"before":-99.02244574877028,"new":{"base":17592186044417,"bits":[28,31,32,33,34,35,36,37,38,39,41,42,45,46]},"old":{"base":17592186044417,"bits":[30,31,32,33,34,35,36,37,38,39,41,42,45,46]},"round":29,"sweep":1}
{"after":-99.02244217776277,"before":-99.02244264034672,"new":{"base":1,"bits":[28,29,31,32,34,35,36,37,38,39,41,42,45,46]},"old":{"base":1,"bits":[28,31,32,33,34,35,36,37,38,39,41,42,45,46]},"round":31,"sweep":1}
{"accepted":17,"after":-99.02244217776278,"before":-99.17873879800443,"sweep":1}
{"accepted":0,"after":-99.02244217776278,"before":-99.02244217776276,"sweep":2}
round=1 log2_max=0.000000000000 seconds=0.0072
round=2 log2_max=-2.000000000000 seconds=0.0116
round=3 log2_max=-4.000000000000 seconds=0.0169
round=4 log2_max=-7.192645077942 seconds=0.0188
round=5 log2_max=-9.192645077942 seconds=0.0143
round=6 log2_max=-14.101209691619 seconds=0.0307
round=7 log2_max=-17.585868101565 seconds=0.0155
round=8 log2_max=-21.645487805205 seconds=0.0164
round=9 log2_max=-23.645487805205 seconds=0.0201
round=10 log2_max=-30.446736927952 seconds=0.0172
round=11 log2_max=-34.939731371771 seconds=0.0172
round=12 log2_max=-39.645120958504 seconds=0.0174
round=13 log2_max=-40.629550675617 seconds=0.0143
round=14 log2_max=-43.358127049257 seconds=0.0171
round=15 log2_max=-44.784097214516 seconds=0.0172
round=16 log2_max=-45.916189317184 seconds=0.0150
round=17 log2_max=-45.916189317184 seconds=0.0146
round=18 log2_max=-47.915479695931 seconds=0.0171
round=19 log2_max=-49.915450611721 seconds=0.0168
round=20 log2_max=-53.108052785039 seconds=0.0109
round=21 log2_max=-55.108052230495 seconds=0.0171
round=22 log2_max=-60.016246114362 seconds=0.0169
round=23 log2_max=-63.500814468024 seconds=0.0174
round=24 log2_max=-67.560455568469 seconds=0.0175
round=25 log2_max=-69.560455568469 seconds=0.0170
round=26 log2_max=-76.361684366374 seconds=0.0098
round=27 log2_max=-80.852086671301 seconds=0.0171
round=28 log2_max=-85.559948654632 seconds=0.0176
round=29 log2_max=-86.544369413563 seconds=0.0132
round=30 log2_max=-89.272674517981 seconds=0.0152
round=31 log2_max=-90.698518438097 seconds=0.0173
round=32 log2_max=-91.830580011812 seconds=0.0149
round=33 log2_max=-91.830580011812 seconds=0.0190
round=34 log2_max=-93.829869737927 seconds=0.0175
round=35 log2_max=-95.829840332622 seconds=0.0174
round=36 log2_max=-99.022442177763 seconds=0.0172
